[06:43:56] [PROCESS] Cleaning log_files...
[06:43:56] [INFO] No files to clean in log_files
[06:43:56] [PROCESS] Cleaning step_outputs...
[06:43:56] [INFO] No files to clean in step_outputs
[06:43:56] [PROCESS] Cleaning temp_files...
[06:43:56] [INFO] No files to clean in temp_files
[06:43:56] [INFO] No files needed cleaning - starting fresh
[06:43:56] [INFO] Starting step 1/6: Step 3.0: Cross-Validation Suite
[06:43:56] [PROCESS] Executing Step 3.0: Cross-Validation Suite...
[10:13:38] [SUCCESS] Step 3.0: Cross-Validation Suite completed successfully
[10:13:38] [SUCCESS] Step 1 completed in 12582.2 seconds
[10:13:38] [INFO] Starting step 2/6: Step 3.1: Robust Block Bootstrap
[10:13:38] [PROCESS] Executing Step 3.1: Robust Block Bootstrap...
[13:51:01] [SUCCESS] Step 3.1: Robust Block Bootstrap completed successfully
[13:51:01] [SUCCESS] Step 2 completed in 13043.2 seconds
[13:51:01] [INFO] Starting step 3/6: Step 3.2: TEP Null Tests
[13:51:01] [PROCESS] Executing Step 3.2: TEP Null Tests...
[13:05:52] [PROCESS] Cleaning log_files...
[13:05:52] [INFO] No files to clean in log_files
[13:05:52] [PROCESS] Cleaning step_outputs...
[13:05:52] [INFO] No files to clean in step_outputs
[13:05:52] [PROCESS] Cleaning temp_files...
[13:05:52] [INFO] No files to clean in temp_files
[13:05:52] [INFO] No files needed cleaning - starting fresh
[13:05:52] [INFO] Starting step 1/7: Step 3.0: Cross-Validation Suite
[13:05:52] [PROCESS] Executing Step 3.0: Cross-Validation Suite...
[13:06:26] [SUCCESS] Step 3.0: Cross-Validation Suite completed successfully
[13:06:26] [SUCCESS] Step 1 completed in 34.1 seconds
[13:06:26] [INFO] Starting step 2/7: Step 3.1: Robust Block Bootstrap
[13:06:26] [PROCESS] Executing Step 3.1: Robust Block Bootstrap...
[13:09:14] [PROCESS] Cleaning log_files...
[13:09:14] [INFO] No files to clean in log_files
[13:09:14] [PROCESS] Cleaning step_outputs...
[13:09:14] [INFO] No files to clean in step_outputs
[13:09:14] [PROCESS] Cleaning temp_files...
[13:09:14] [INFO] No files to clean in temp_files
[13:09:14] [INFO] No files needed cleaning - starting fresh
[13:09:14] [INFO] Starting step 1/7: Step 3.0: Cross-Validation Suite
[13:09:14] [PROCESS] Executing Step 3.0: Cross-Validation Suite...
[14:22:21] [PROCESS] Cleaning log_files...
[14:22:21] [INFO] No files to clean in log_files
[14:22:21] [PROCESS] Cleaning step_outputs...
[14:22:21] [INFO] No files to clean in step_outputs
[14:22:21] [PROCESS] Cleaning temp_files...
[14:22:21] [INFO] No files to clean in temp_files
[14:22:21] [INFO] No files needed cleaning - starting fresh
[14:22:21] [INFO] Starting step 1/7: Step 3.0: Cross-Validation Suite
[14:22:21] [PROCESS] Executing Step 3.0: Cross-Validation Suite...
[15:18:58] [PROCESS] Cleaning log_files...
[15:18:58] [INFO] No files to clean in log_files
[15:18:58] [PROCESS] Cleaning step_outputs...
[15:18:58] [INFO] No files to clean in step_outputs
[15:18:58] [PROCESS] Cleaning temp_files...
[15:18:58] [INFO] No files to clean in temp_files
[15:18:58] [INFO] No files needed cleaning - starting fresh
[15:18:58] [INFO] Starting step 1/7: Step 3.0: Cross-Validation Suite
[15:18:58] [PROCESS] Executing Step 3.0: Cross-Validation Suite...
[15:38:07] [ERROR] Step 3.0: Cross-Validation Suite failed with return code -9
[15:38:07] [ERROR] Step 1 failed after 1149.2 seconds
[15:38:07] [ERROR] Pipeline execution stopped due to step failure
[15:38:07] [ERROR] Step 3 Validation Suite pipeline execution failed
[15:40:34] [PROCESS] Cleaning log_files...
[15:40:34] [INFO] No files to clean in log_files
[15:40:34] [PROCESS] Cleaning step_outputs...
[15:40:34] [INFO] No files to clean in step_outputs
[15:40:34] [PROCESS] Cleaning temp_files...
[15:40:34] [INFO] No files to clean in temp_files
[15:40:34] [INFO] No files needed cleaning - starting fresh
[15:40:34] [INFO] Starting step 1/7: Step 3.0: Cross-Validation Suite
[15:40:34] [PROCESS] Executing Step 3.0: Cross-Validation Suite...
[15:58:30] [PROCESS] Cleaning log_files...
[15:58:30] [INFO] No files to clean in log_files
[15:58:30] [PROCESS] Cleaning step_outputs...
[15:58:30] [INFO] No files to clean in step_outputs
[15:58:30] [PROCESS] Cleaning temp_files...
[15:58:30] [INFO] No files to clean in temp_files
[15:58:30] [INFO] No files needed cleaning - starting fresh
[15:58:30] [INFO] Starting step 1/7: Step 3.0: Cross-Validation Suite
[15:58:30] [PROCESS] Executing Step 3.0: Cross-Validation Suite...
[16:01:30] [PROCESS] Cleaning log_files...
[16:01:30] [INFO] No files to clean in log_files
[16:01:30] [PROCESS] Cleaning step_outputs...
[16:01:30] [INFO] No files to clean in step_outputs
[16:01:30] [PROCESS] Cleaning temp_files...
[16:01:30] [INFO] No files to clean in temp_files
[16:01:30] [INFO] No files needed cleaning - starting fresh
[16:01:30] [INFO] Starting step 1/7: Step 3.0: Cross-Validation Suite
[16:01:30] [PROCESS] Executing Step 3.0: Cross-Validation Suite...
[16:01:52] [PROCESS] Cleaning log_files...
[16:01:52] [INFO] No files to clean in log_files
[16:01:52] [PROCESS] Cleaning step_outputs...
[16:01:52] [INFO] No files to clean in step_outputs
[16:01:52] [PROCESS] Cleaning temp_files...
[16:01:52] [INFO] No files to clean in temp_files
[16:01:52] [INFO] No files needed cleaning - starting fresh
[16:01:52] [INFO] Starting step 1/7: Step 3.0: Cross-Validation Suite
[16:01:52] [PROCESS] Executing Step 3.0: Cross-Validation Suite...
[16:38:48] [PROCESS] Cleaning log_files...
[16:38:48] [INFO] No files to clean in log_files
[16:38:48] [PROCESS] Cleaning step_outputs...
[16:38:48] [INFO] No files to clean in step_outputs
[16:38:48] [PROCESS] Cleaning temp_files...
[16:38:48] [INFO] No files to clean in temp_files
[16:38:48] [INFO] No files needed cleaning - starting fresh
[16:38:48] [INFO] Starting step 1/7: Step 3.0: Cross-Validation Suite
[16:38:48] [PROCESS] Executing Step 3.0: Cross-Validation Suite...
[17:19:14] [PROCESS] Cleaning log_files...
[17:19:14] [INFO] No files to clean in log_files
[17:19:14] [PROCESS] Cleaning step_outputs...
[17:19:14] [INFO] No files to clean in step_outputs
[17:19:14] [PROCESS] Cleaning temp_files...
[17:19:14] [INFO] No files to clean in temp_files
[17:19:14] [INFO] No files needed cleaning - starting fresh
[17:19:14] [INFO] Starting step 1/7: Step 3.0: Cross-Validation Suite
[17:19:14] [PROCESS] Executing Step 3.0: Cross-Validation Suite...
[17:20:16] [PROCESS] Cleaning log_files...
[17:20:16] [INFO] No files to clean in log_files
[17:20:16] [PROCESS] Cleaning step_outputs...
[17:20:16] [INFO] No files to clean in step_outputs
[17:20:16] [PROCESS] Cleaning temp_files...
[17:20:16] [INFO] No files to clean in temp_files
[17:20:16] [INFO] No files needed cleaning - starting fresh
[17:20:16] [INFO] Starting step 1/7: Step 3.0: Cross-Validation Suite
[17:20:16] [PROCESS] Executing Step 3.0: Cross-Validation Suite...
[17:40:48] [PROCESS] Cleaning log_files...
[17:40:48] [INFO] No files to clean in log_files
[17:40:48] [PROCESS] Cleaning step_outputs...
[17:40:48] [INFO] No files to clean in step_outputs
[17:40:48] [PROCESS] Cleaning temp_files...
[17:40:48] [INFO] No files to clean in temp_files
[17:40:48] [INFO] No files needed cleaning - starting fresh
[17:40:48] [INFO] Starting step 1/7: Step 3.0: Cross-Validation Suite
[17:40:48] [PROCESS] Executing Step 3.0: Cross-Validation Suite...
[18:30:13] [PROCESS] Cleaning log_files...
[18:30:13] [INFO] No files to clean in log_files
[18:30:13] [PROCESS] Cleaning step_outputs...
[18:30:13] [INFO] No files to clean in step_outputs
[18:30:13] [PROCESS] Cleaning temp_files...
[18:30:13] [INFO] No files to clean in temp_files
[18:30:13] [INFO] No files needed cleaning - starting fresh
[18:30:13] [INFO] Starting step 1/7: Step 3.0: Cross-Validation Suite
[18:30:13] [PROCESS] Executing Step 3.0: Cross-Validation Suite...
[18:30:13] [ERROR] Step 3.0: Cross-Validation Suite failed with return code 1
[18:30:13] [ERROR] Step 1 failed after 0.0 seconds
[18:30:13] [ERROR] Pipeline execution stopped due to step failure
[18:30:13] [ERROR] Step 3 Validation Suite pipeline execution failed
[18:34:53] [PROCESS] Cleaning log_files...
[18:34:53] [INFO] No files to clean in log_files
[18:34:53] [PROCESS] Cleaning step_outputs...
[18:34:53] [INFO] No files to clean in step_outputs
[18:34:53] [PROCESS] Cleaning temp_files...
[18:34:53] [INFO] No files to clean in temp_files
[18:34:53] [INFO] No files needed cleaning - starting fresh
[18:34:53] [INFO] Starting step 1/7: Step 3.0: Cross-Validation Suite
[18:34:53] [PROCESS] Executing Step 3.0: Cross-Validation Suite...
[18:35:26] [SUCCESS] Step 3.0: Cross-Validation Suite completed successfully
[18:35:26] [SUCCESS] Step 1 completed in 33.1 seconds
[18:35:26] [INFO] Starting step 2/7: Step 3.1: Robust Block Bootstrap
[18:35:26] [PROCESS] Executing Step 3.1: Robust Block Bootstrap...
[19:05:27] [PROCESS] Cleaning log_files...
[19:05:27] [INFO] No files to clean in log_files
[19:05:27] [PROCESS] Cleaning step_outputs...
[19:05:27] [INFO] No files to clean in step_outputs
[19:05:27] [PROCESS] Cleaning temp_files...
[19:05:27] [INFO] No files to clean in temp_files
[19:05:27] [INFO] No files needed cleaning - starting fresh
[19:05:27] [INFO] Starting step 1/7: Step 3.0: Cross-Validation Suite
[19:05:27] [PROCESS] Executing Step 3.0: Cross-Validation Suite...
[19:05:27] [ERROR] Step 3.0: Cross-Validation Suite failed with return code 1
[19:05:27] [ERROR] Step 1 failed after 0.1 seconds
[19:05:27] [ERROR] Pipeline execution stopped due to step failure
[19:05:27] [ERROR] Step 3 Validation Suite pipeline execution failed
[19:05:43] [PROCESS] Cleaning log_files...
[19:05:43] [INFO] No files to clean in log_files
[19:05:43] [PROCESS] Cleaning step_outputs...
[19:05:43] [INFO] No files to clean in step_outputs
[19:05:43] [PROCESS] Cleaning temp_files...
[19:05:43] [INFO] No files to clean in temp_files
[19:05:43] [INFO] No files needed cleaning - starting fresh
[19:05:43] [INFO] Starting step 1/7: Step 3.0: Cross-Validation Suite
[19:05:43] [PROCESS] Executing Step 3.0: Cross-Validation Suite...
[19:11:49] [PROCESS] Cleaning log_files...
[19:11:49] [INFO] No files to clean in log_files
[19:11:49] [PROCESS] Cleaning step_outputs...
[19:11:49] [INFO] No files to clean in step_outputs
[19:11:49] [PROCESS] Cleaning temp_files...
[19:11:49] [INFO] No files to clean in temp_files
[19:11:49] [INFO] No files needed cleaning - starting fresh
[19:11:49] [INFO] Starting step 1/7: Step 3.0: Cross-Validation Suite
[19:11:49] [PROCESS] Executing Step 3.0: Cross-Validation Suite...
[19:13:23] [PROCESS] Cleaning log_files...
[19:13:23] [INFO] No files to clean in log_files
[19:13:23] [PROCESS] Cleaning step_outputs...
[19:13:23] [INFO] No files to clean in step_outputs
[19:13:23] [PROCESS] Cleaning temp_files...
[19:13:23] [INFO] No files to clean in temp_files
[19:13:23] [INFO] No files needed cleaning - starting fresh
[19:13:23] [INFO] Starting step 1/7: Step 3.0: Cross-Validation Suite
[19:13:23] [PROCESS] Executing Step 3.0: Cross-Validation Suite...
[19:14:28] [PROCESS] Cleaning log_files...
[19:14:28] [INFO] No files to clean in log_files
[19:14:28] [PROCESS] Cleaning step_outputs...
[19:14:28] [INFO] No files to clean in step_outputs
[19:14:28] [PROCESS] Cleaning temp_files...
[19:14:28] [INFO] No files to clean in temp_files
[19:14:28] [INFO] No files needed cleaning - starting fresh
[19:14:28] [INFO] Starting step 1/7: Step 3.0: Cross-Validation Suite
[19:14:28] [PROCESS] Executing Step 3.0: Cross-Validation Suite...
[19:15:21] [SUCCESS] Step 3.0: Cross-Validation Suite completed successfully
[19:15:21] [SUCCESS] Step 1 completed in 53.0 seconds
[19:15:21] [INFO] Starting step 2/7: Step 3.1: Robust Block Bootstrap
[19:15:21] [PROCESS] Executing Step 3.1: Robust Block Bootstrap...
[19:16:24] [PROCESS] Cleaning log_files...
[19:16:24] [INFO] No files to clean in log_files
[19:16:24] [PROCESS] Cleaning step_outputs...
[19:16:24] [INFO] No files to clean in step_outputs
[19:16:24] [PROCESS] Cleaning temp_files...
[19:16:24] [INFO] No files to clean in temp_files
[19:16:24] [INFO] No files needed cleaning - starting fresh
[19:16:24] [INFO] Starting step 1/7: Step 3.0: Cross-Validation Suite
[19:16:24] [PROCESS] Executing Step 3.0: Cross-Validation Suite...
[19:17:24] [SUCCESS] Step 3.0: Cross-Validation Suite completed successfully
[19:17:24] [SUCCESS] Step 1 completed in 60.7 seconds
[19:17:24] [INFO] Starting step 2/7: Step 3.1: Robust Block Bootstrap
[19:17:24] [PROCESS] Executing Step 3.1: Robust Block Bootstrap...
[19:17:51] [PROCESS] Cleaning log_files...
[19:17:51] [INFO] No files to clean in log_files
[19:17:51] [PROCESS] Cleaning step_outputs...
[19:17:51] [INFO] No files to clean in step_outputs
[19:17:51] [PROCESS] Cleaning temp_files...
[19:17:51] [INFO] No files to clean in temp_files
[19:17:51] [INFO] No files needed cleaning - starting fresh
[19:17:51] [INFO] Starting step 1/7: Step 3.0: Cross-Validation Suite
[19:17:51] [PROCESS] Executing Step 3.0: Cross-Validation Suite...
[19:18:46] [SUCCESS] Step 3.0: Cross-Validation Suite completed successfully
[19:18:46] [SUCCESS] Step 1 completed in 55.5 seconds
[19:18:46] [INFO] Starting step 2/7: Step 3.1: Robust Block Bootstrap
[19:18:46] [PROCESS] Executing Step 3.1: Robust Block Bootstrap...
[19:18:55] [PROCESS] Cleaning log_files...
[19:18:55] [INFO] No files to clean in log_files
[19:18:55] [PROCESS] Cleaning step_outputs...
[19:18:55] [INFO] No files to clean in step_outputs
[19:18:55] [PROCESS] Cleaning temp_files...
[19:18:55] [INFO] No files to clean in temp_files
[19:18:55] [INFO] No files needed cleaning - starting fresh
[19:18:55] [INFO] Starting step 1/7: Step 3.0: Cross-Validation Suite
[19:18:55] [PROCESS] Executing Step 3.0: Cross-Validation Suite...
[19:20:18] [SUCCESS] Step 3.0: Cross-Validation Suite completed successfully
[19:20:18] [SUCCESS] Step 1 completed in 83.2 seconds
[19:20:18] [INFO] Starting step 2/7: Step 3.1: Robust Block Bootstrap
[19:20:18] [PROCESS] Executing Step 3.1: Robust Block Bootstrap...
[19:24:15] [PROCESS] Cleaning log_files...
[19:24:15] [INFO] No files to clean in log_files
[19:24:15] [PROCESS] Cleaning step_outputs...
[19:24:15] [INFO] No files to clean in step_outputs
[19:24:15] [PROCESS] Cleaning temp_files...
[19:24:15] [INFO] No files to clean in temp_files
[19:24:15] [INFO] No files needed cleaning - starting fresh
[19:24:15] [INFO] Starting step 1/7: Step 3.0: Cross-Validation Suite
[19:24:15] [PROCESS] Executing Step 3.0: Cross-Validation Suite...
[19:25:45] [SUCCESS] Step 3.0: Cross-Validation Suite completed successfully
[19:25:45] [SUCCESS] Step 1 completed in 90.2 seconds
[19:25:45] [INFO] Starting step 2/7: Step 3.1: Robust Block Bootstrap
[19:25:45] [PROCESS] Executing Step 3.1: Robust Block Bootstrap...
[19:30:53] [PROCESS] Cleaning log_files...
[19:30:53] [INFO] No files to clean in log_files
[19:30:53] [PROCESS] Cleaning step_outputs...
[19:30:53] [INFO] No files to clean in step_outputs
[19:30:53] [PROCESS] Cleaning temp_files...
[19:30:53] [INFO] No files to clean in temp_files
[19:30:53] [INFO] No files needed cleaning - starting fresh
[19:30:53] [INFO] Starting step 1/7: Step 3.0: Cross-Validation Suite
[19:30:53] [PROCESS] Executing Step 3.0: Cross-Validation Suite...
[20:13:42] [PROCESS] Cleaning log_files...
[20:13:42] [INFO] No files to clean in log_files
[20:13:42] [PROCESS] Cleaning step_outputs...
[20:13:42] [INFO] No files to clean in step_outputs
[20:13:42] [PROCESS] Cleaning temp_files...
[20:13:42] [INFO] No files to clean in temp_files
[20:13:42] [INFO] No files needed cleaning - starting fresh
[20:13:42] [INFO] Starting step 1/7: Step 3.0: Cross-Validation Suite
[20:13:42] [PROCESS] Executing Step 3.0: Cross-Validation Suite...
[08:19:42] [PROCESS] Cleaning log_files...
[08:19:42] [INFO] No files to clean in log_files
[08:19:42] [PROCESS] Cleaning step_outputs...
[08:19:42] [SUCCESS] Cleaned step_outputs: 5 files (250.9 KB)
[08:19:42] [PROCESS] Cleaning temp_files...
[08:19:42] [INFO] No files to clean in temp_files
[08:19:42] [INFO] Starting step 1/7: Step 3.0: Cross-Validation Suite
[08:19:42] [PROCESS] Executing Step 3.0: Cross-Validation Suite...
[08:30:43] [SUCCESS] Step 3.0: Cross-Validation Suite completed successfully
[08:30:43] [SUCCESS] Step 1 completed in 661.2 seconds
[08:30:43] [INFO] Starting step 2/7: Step 3.1: Robust Block Bootstrap
[08:30:43] [PROCESS] Executing Step 3.1: Robust Block Bootstrap...
[08:43:46] [ERROR] Step 3.1: Robust Block Bootstrap failed with return code -9
[08:43:46] [ERROR] Step 2 failed after 783.1 seconds
[08:43:46] [ERROR] Pipeline execution stopped due to step failure
[08:43:46] [ERROR] Step 3 Validation Suite pipeline execution failed
[09:04:14] [PROCESS] Cleaning log_files...
[09:04:14] [INFO] No files to clean in log_files
[09:04:14] [PROCESS] Cleaning step_outputs...
[09:04:14] [SUCCESS] Cleaned step_outputs: 3 files (93.0 KB)
[09:04:14] [PROCESS] Cleaning temp_files...
[09:04:14] [INFO] No files to clean in temp_files
[09:04:14] [INFO] Starting step 2/7: Step 3.1: Robust Block Bootstrap
[09:04:14] [PROCESS] Executing Step 3.1: Robust Block Bootstrap...
[11:46:33] [SUCCESS] Step 3.1: Robust Block Bootstrap completed successfully
[11:46:33] [SUCCESS] Step 2 completed in 9738.9 seconds
[11:46:33] [INFO] Starting step 3/7: Step 3.2: TEP Null Tests
[11:46:33] [PROCESS] Executing Step 3.2: TEP Null Tests...
[11:46:36] [SUCCESS] Step 3.2: TEP Null Tests completed successfully
[11:46:36] [SUCCESS] Step 3 completed in 3.3 seconds
[11:46:36] [INFO] Starting step 4/7: Step 3.3: Methodology Validation
[11:46:36] [PROCESS] Executing Step 3.3: Methodology Validation...
[11:54:42] [SUCCESS] Step 3.3: Methodology Validation completed successfully
[11:54:42] [SUCCESS] Step 4 completed in 485.8 seconds
[11:54:42] [INFO] Starting step 5/7: Step 3.4: Geographic Bias Validation
[11:54:42] [PROCESS] Executing Step 3.4: Geographic Bias Validation...
[11:55:27] [SUCCESS] Step 3.4: Geographic Bias Validation completed successfully
[11:55:27] [SUCCESS] Step 5 completed in 45.1 seconds
[11:55:27] [INFO] Starting step 6/7: Step 3.5: Realistic Ionospheric Validation
[11:55:27] [PROCESS] Executing Step 3.5: Realistic Ionospheric Validation...
[11:55:33] [SUCCESS] Step 3.5: Realistic Ionospheric Validation completed successfully
[11:55:33] [SUCCESS] Step 6 completed in 5.5 seconds
[11:55:33] [INFO] Starting step 7/7: Step 3.6: Control Band Analysis
[11:55:33] [PROCESS] Executing Step 3.6: Control Band Analysis...
[16:03:45] [SUCCESS] Step 3.6: Control Band Analysis completed successfully
[16:03:45] [SUCCESS] Step 7 completed in 14892.2 seconds
[16:03:45] [PROCESS] Validating Step 3 clean run results...
[16:03:45] [ERROR] Validation failed - missing expected files:
[16:03:45] [ERROR]   /Users/matthewsmawfield/www/TEP-GNSS/results/outputs/step_3_2_null_tests_code.json
[16:03:45] [ERROR]   /Users/matthewsmawfield/www/TEP-GNSS/results/outputs/step_3_2_null_tests_igs_combined.json
[16:03:45] [ERROR]   /Users/matthewsmawfield/www/TEP-GNSS/results/outputs/step_3_2_null_tests_esa_final.json
[16:03:45] [ERROR]   /Users/matthewsmawfield/www/TEP-GNSS/results/outputs/step_3_3_validation_report.json
[16:03:45] [ERROR]   /Users/matthewsmawfield/www/TEP-GNSS/results/outputs/step_3_3_bias_characterization.json
[16:03:45] [ERROR]   /Users/matthewsmawfield/www/TEP-GNSS/results/outputs/step_3_6_control_band_code.json
[16:03:45] [ERROR]   /Users/matthewsmawfield/www/TEP-GNSS/results/outputs/step_3_6_control_band_igs_combined.json
[16:03:45] [ERROR]   /Users/matthewsmawfield/www/TEP-GNSS/results/outputs/step_3_6_control_band_esa_final.json
[16:03:45] [ERROR]   /Users/matthewsmawfield/www/TEP-GNSS/results/outputs/step_3_6_band_comparison_code.json
[16:03:45] [ERROR]   /Users/matthewsmawfield/www/TEP-GNSS/results/outputs/step_3_6_band_comparison_igs_combined.json
[16:03:45] [ERROR]   /Users/matthewsmawfield/www/TEP-GNSS/results/outputs/step_3_6_band_comparison_esa_final.json
[16:03:45] [ERROR] Step 3 clean run validation failed
