[01:31:43] [INFO] ================================================================================
[01:31:43] [INFO] 
[01:31:43] [INFO] ================================================================================
[01:31:43] [INFO] TEP GNSS Analysis Package v0.15 (Jaipur) - STEP 3.1: Robust Block Bootstrap
[01:31:43] [INFO] ================================================================================
[01:31:43] [INFO] 
[01:31:43] [INFO] ================================================================================
[01:31:43] [INFO] Configuration:
[01:31:43] [INFO]   Station bootstrap samples: 50
[01:31:43] [INFO]   Day bootstrap samples: 300
[01:31:43] [INFO]   Hybrid bootstrap samples: 200
[01:31:43] [INFO]   Minimum stations per sample: 100
[01:31:43] [INFO]   Minimum days per sample: 100
[01:31:43] [INFO]   Confidence level: 0.95
[01:31:43] [INFO]   Memory limit: 75.0 GB
[01:31:43] [INFO] Processing 3 analysis centers: code, esa_final, igs_combined
[01:31:43] [INFO] 
[01:31:43] [PROCESS] Processing analysis center: CODE
[01:31:43] [INFO] --------------------------------------------------
[01:31:43] [PROCESS] Starting robust block bootstrap analysis for code
[01:31:43] [PROCESS] Loading complete pair dataset for code with chunking (chunk_size=25000)...
[01:31:43] [INFO] Using filtered Step 2.1 geospatial data: step_2_1_geospatial_code.csv
[01:31:43] [INFO] Large file detected (5387.1 MB), using chunked loading...
[01:31:43] [DEBUG] Loaded 10 chunks...
[01:31:43] [DEBUG] Loaded 20 chunks...
[01:31:44] [DEBUG] Loaded 30 chunks...
[01:31:44] [DEBUG] Loaded 40 chunks...
[01:31:44] [DEBUG] Loaded 50 chunks...
[01:31:45] [DEBUG] Loaded 60 chunks...
[01:31:45] [DEBUG] Loaded 70 chunks...
[01:31:45] [DEBUG] Loaded 80 chunks...
[01:31:45] [DEBUG] Loaded 90 chunks...
[01:31:46] [DEBUG] Loaded 100 chunks...
[01:31:46] [DEBUG] Loaded 110 chunks...
[01:31:46] [DEBUG] Loaded 120 chunks...
[01:31:46] [DEBUG] Loaded 130 chunks...
[01:31:47] [DEBUG] Loaded 140 chunks...
[01:31:47] [DEBUG] Loaded 150 chunks...
[01:31:47] [DEBUG] Loaded 160 chunks...
[01:31:48] [DEBUG] Loaded 170 chunks...
[01:31:48] [DEBUG] Loaded 180 chunks...
[01:31:48] [DEBUG] Loaded 190 chunks...
[01:31:48] [DEBUG] Loaded 200 chunks...
[01:31:49] [DEBUG] Loaded 210 chunks...
[01:31:49] [DEBUG] Loaded 220 chunks...
[01:31:49] [DEBUG] Loaded 230 chunks...
[01:31:50] [DEBUG] Loaded 240 chunks...
[01:31:50] [DEBUG] Loaded 250 chunks...
[01:31:50] [DEBUG] Loaded 260 chunks...
[01:31:50] [DEBUG] Loaded 270 chunks...
[01:31:51] [DEBUG] Loaded 280 chunks...
[01:31:51] [DEBUG] Loaded 290 chunks...
[01:31:51] [DEBUG] Loaded 300 chunks...
[01:31:52] [DEBUG] Loaded 310 chunks...
[01:31:52] [DEBUG] Loaded 320 chunks...
[01:31:52] [DEBUG] Loaded 330 chunks...
[01:31:52] [DEBUG] Loaded 340 chunks...
[01:31:53] [DEBUG] Loaded 350 chunks...
[01:31:53] [DEBUG] Loaded 360 chunks...
[01:31:53] [DEBUG] Loaded 370 chunks...
[01:31:54] [DEBUG] Loaded 380 chunks...
[01:31:54] [DEBUG] Loaded 390 chunks...
[01:31:54] [DEBUG] Loaded 400 chunks...
[01:31:54] [DEBUG] Loaded 410 chunks...
[01:31:55] [DEBUG] Loaded 420 chunks...
[01:31:55] [DEBUG] Loaded 430 chunks...
[01:31:55] [DEBUG] Loaded 440 chunks...
[01:31:56] [DEBUG] Loaded 450 chunks...
[01:31:56] [DEBUG] Loaded 460 chunks...
[01:31:56] [DEBUG] Loaded 470 chunks...
[01:31:56] [DEBUG] Loaded 480 chunks...
[01:31:57] [DEBUG] Loaded 490 chunks...
[01:31:57] [DEBUG] Loaded 500 chunks...
[01:31:57] [DEBUG] Loaded 510 chunks...
[01:31:57] [DEBUG] Loaded 520 chunks...
[01:31:58] [DEBUG] Loaded 530 chunks...
[01:31:58] [DEBUG] Loaded 540 chunks...
[01:31:58] [DEBUG] Loaded 550 chunks...
[01:31:59] [DEBUG] Loaded 560 chunks...
[01:31:59] [DEBUG] Loaded 570 chunks...
[01:31:59] [DEBUG] Loaded 580 chunks...
[01:31:59] [DEBUG] Loaded 590 chunks...
[01:32:00] [DEBUG] Loaded 600 chunks...
[01:32:00] [DEBUG] Loaded 610 chunks...
[01:32:00] [DEBUG] Loaded 620 chunks...
[01:32:01] [DEBUG] Loaded 630 chunks...
[01:32:01] [DEBUG] Loaded 640 chunks...
[01:32:01] [DEBUG] Loaded 650 chunks...
[01:32:01] [DEBUG] Loaded 660 chunks...
[01:32:02] [DEBUG] Loaded 670 chunks...
[01:32:02] [DEBUG] Loaded 680 chunks...
[01:32:02] [DEBUG] Loaded 690 chunks...
[01:32:03] [DEBUG] Loaded 700 chunks...
[01:32:03] [DEBUG] Loaded 710 chunks...
[01:32:03] [DEBUG] Loaded 720 chunks...
[01:32:03] [DEBUG] Loaded 730 chunks...
[01:32:04] [DEBUG] Loaded 740 chunks...
[01:32:04] [DEBUG] Loaded 750 chunks...
[01:32:04] [DEBUG] Loaded 760 chunks...
[01:32:05] [DEBUG] Loaded 770 chunks...
[01:32:05] [DEBUG] Loaded 780 chunks...
[01:32:05] [DEBUG] Loaded 790 chunks...
[01:32:05] [DEBUG] Loaded 800 chunks...
[01:32:06] [DEBUG] Loaded 810 chunks...
[01:32:06] [DEBUG] Loaded 820 chunks...
[01:32:06] [DEBUG] Loaded 830 chunks...
[01:32:06] [DEBUG] Loaded 840 chunks...
[01:32:07] [DEBUG] Loaded 850 chunks...
[01:32:07] [DEBUG] Loaded 860 chunks...
[01:32:07] [DEBUG] Loaded 870 chunks...
[01:32:08] [DEBUG] Loaded 880 chunks...
[01:32:08] [DEBUG] Loaded 890 chunks...
[01:32:08] [DEBUG] Loaded 900 chunks...
[01:32:08] [DEBUG] Loaded 910 chunks...
[01:32:09] [DEBUG] Loaded 920 chunks...
[01:32:09] [DEBUG] Loaded 930 chunks...
[01:32:09] [DEBUG] Loaded 940 chunks...
[01:32:10] [DEBUG] Loaded 950 chunks...
[01:32:10] [DEBUG] Loaded 960 chunks...
[01:32:10] [DEBUG] Loaded 970 chunks...
[01:32:10] [DEBUG] Loaded 980 chunks...
[01:32:11] [DEBUG] Loaded 990 chunks...
[01:32:11] [DEBUG] Loaded 1000 chunks...
[01:32:11] [DEBUG] Loaded 1010 chunks...
[01:32:11] [DEBUG] Loaded 1020 chunks...
[01:32:12] [DEBUG] Loaded 1030 chunks...
[01:32:12] [DEBUG] Loaded 1040 chunks...
[01:32:12] [DEBUG] Loaded 1050 chunks...
[01:32:13] [DEBUG] Loaded 1060 chunks...
[01:32:13] [DEBUG] Loaded 1070 chunks...
[01:32:13] [DEBUG] Loaded 1080 chunks...
[01:32:13] [DEBUG] Loaded 1090 chunks...
[01:32:14] [DEBUG] Loaded 1100 chunks...
[01:32:14] [DEBUG] Loaded 1110 chunks...
[01:32:14] [DEBUG] Loaded 1120 chunks...
[01:32:15] [DEBUG] Loaded 1130 chunks...
[01:32:15] [DEBUG] Loaded 1140 chunks...
[01:32:15] [DEBUG] Loaded 1150 chunks...
[01:32:15] [DEBUG] Loaded 1160 chunks...
[01:32:16] [DEBUG] Loaded 1170 chunks...
[01:32:16] [DEBUG] Loaded 1180 chunks...
[01:32:16] [DEBUG] Loaded 1190 chunks...
[01:32:16] [DEBUG] Loaded 1200 chunks...
[01:32:17] [DEBUG] Loaded 1210 chunks...
[01:32:17] [DEBUG] Loaded 1220 chunks...
[01:32:17] [DEBUG] Loaded 1230 chunks...
[01:32:18] [DEBUG] Loaded 1240 chunks...
[01:32:18] [DEBUG] Loaded 1250 chunks...
[01:32:18] [DEBUG] Loaded 1260 chunks...
[01:32:18] [DEBUG] Loaded 1270 chunks...
[01:32:19] [DEBUG] Loaded 1280 chunks...
[01:32:19] [DEBUG] Loaded 1290 chunks...
[01:32:19] [DEBUG] Loaded 1300 chunks...
[01:32:20] [DEBUG] Loaded 1310 chunks...
[01:32:20] [DEBUG] Loaded 1320 chunks...
[01:32:20] [DEBUG] Loaded 1330 chunks...
[01:32:20] [DEBUG] Loaded 1340 chunks...
[01:32:21] [DEBUG] Loaded 1350 chunks...
[01:32:21] [DEBUG] Loaded 1360 chunks...
[01:32:21] [DEBUG] Loaded 1370 chunks...
[01:32:21] [DEBUG] Loaded 1380 chunks...
[01:32:22] [DEBUG] Loaded 1390 chunks...
[01:32:22] [DEBUG] Loaded 1400 chunks...
[01:32:22] [DEBUG] Loaded 1410 chunks...
[01:32:23] [DEBUG] Loaded 1420 chunks...
[01:32:23] [DEBUG] Loaded 1430 chunks...
[01:32:23] [DEBUG] Loaded 1440 chunks...
[01:32:23] [DEBUG] Loaded 1450 chunks...
[01:32:24] [DEBUG] Loaded 1460 chunks...
[01:32:24] [DEBUG] Loaded 1470 chunks...
[01:32:24] [DEBUG] Loaded 1480 chunks...
[01:32:25] [DEBUG] Loaded 1490 chunks...
[01:32:25] [DEBUG] Loaded 1500 chunks...
[01:32:25] [DEBUG] Loaded 1510 chunks...
[01:32:25] [DEBUG] Loaded 1520 chunks...
[01:32:26] [DEBUG] Loaded 1530 chunks...
[01:32:26] [DEBUG] Loaded 1540 chunks...
[01:32:26] [DEBUG] Loaded 1550 chunks...
[01:32:26] [DEBUG] Loaded 1560 chunks...
[01:32:29] [SUCCESS] Loaded Step 2.1 dataset: 39,047,074 pairs for code
[01:32:29] [DEBUG] Columns: ['date', 'station_i', 'station_j', 'dist_km', 'plateau_phase', 'station1_lat', 'station1_lon', 'station2_lat', 'station2_lon', 'azimuth', 'delta_longitude', 'delta_local_time', 'coherence']
[01:32:31] [DEBUG] Date range: 2023-01-01 00:00:00 to 2025-06-30 00:00:00
[01:32:31] [WARNING] High memory usage detected in After loading code dataset: 5239.96 MB
[01:32:31] [DEBUG] Memory cleanup: RSS=5239.96 MB, VMS=10436.10 MB
[01:32:35] [INFO] ============================================================
[01:32:35] [PROCESS] Starting Station Block Bootstrap Analysis...
[01:32:38] [DEBUG] Configuration: TEP_STATION_BOOTSTRAP_SAMPLES = 50
[01:32:38] [INFO] Running 50 station bootstrap samples from 345 unique stations
[01:32:38] [INFO] Using 96 parallel workers for bootstrap processing
[01:32:38] [PROCESS] Pre-computing station pairs for efficient bootstrap sampling...
[01:32:41] [PROCESS] Pre-computing station 1/345: ABMF00GLP
[01:34:59] [PROCESS] Pre-computing station 51/345: DJIG00DJI
[01:37:18] [PROCESS] Pre-computing station 101/345: JOG200IDN
[01:39:36] [PROCESS] Pre-computing station 151/345: METS00FIN
[01:41:56] [PROCESS] Pre-computing station 201/345: QAQ100GRL
[01:44:15] [PROCESS] Pre-computing station 251/345: TIDB00AUS
[01:46:35] [PROCESS] Pre-computing station 301/345: ZECK00RUS
[01:48:39] [SUCCESS] Pre-computed pair indices for 345 stations
[01:48:41] [DEBUG] Memory cleanup: RSS=7624.97 MB, VMS=12853.10 MB
[01:48:41] [WARNING] High memory usage detected in Station Bootstrap Start: 7624.97 MB
[01:48:42] [DEBUG] Memory cleanup: RSS=7624.97 MB, VMS=12853.10 MB
[01:48:42] [INFO] Processing 50 bootstrap samples sequentially (multiprocessing disabled for large datasets)
[01:48:42] [INFO] Running diagnostic check with first 5 samples...
[01:48:57] [INFO] Diagnostic sample 0: SUCCESS - λ=2945.3 km, R²=0.273
[01:49:13] [INFO] Diagnostic sample 1: SUCCESS - λ=2849.5 km, R²=0.092
[01:49:29] [INFO] Diagnostic sample 2: SUCCESS - λ=3427.1 km, R²=0.237
[01:49:45] [INFO] Diagnostic sample 3: SUCCESS - λ=3328.2 km, R²=0.418
[01:50:01] [INFO] Diagnostic sample 4: SUCCESS - λ=3295.5 km, R²=0.257
[01:50:01] [SUCCESS] Diagnostic complete: 5/5 samples successful
[01:52:24] [PROCESS] Station bootstrap progress: 10/50 (20.0%), 9 successful
[01:55:06] [PROCESS] Station bootstrap progress: 20/50 (40.0%), 19 successful
[01:57:47] [PROCESS] Station bootstrap progress: 30/50 (60.0%), 29 successful
[02:00:26] [PROCESS] Station bootstrap progress: 40/50 (80.0%), 39 successful
[02:03:07] [PROCESS] Station bootstrap progress: 50/50 (100.0%), 49 successful
[02:03:26] [DEBUG] Memory cleanup: RSS=7628.31 MB, VMS=12886.10 MB
[02:03:26] [DEBUG] Memory cleanup: RSS=5246.52 MB, VMS=10471.10 MB
[02:03:26] [SUCCESS] Station Block Bootstrap complete: λ = 3267.5 ± 116.6 km (CV = 0.036)
[02:03:26] [DEBUG] Memory cleanup: RSS=5246.52 MB, VMS=10471.10 MB
[02:03:26] [WARNING] High memory usage detected in After Station Bootstrap: 5246.52 MB
[02:03:26] [DEBUG] Memory cleanup: RSS=5246.52 MB, VMS=10471.10 MB
[02:03:26] [INFO] ============================================================
[02:03:26] [PROCESS] Starting Day Block Bootstrap Analysis...
[02:03:26] [WARNING] High memory usage detected in Day Bootstrap Start: 5246.52 MB
[02:03:26] [DEBUG] Memory cleanup: RSS=5246.52 MB, VMS=10471.10 MB
[02:03:26] [INFO] Running 300 day bootstrap samples from 912 unique days
[02:06:15] [PROCESS] Day bootstrap progress: 30/300 (10.0%)
[02:09:10] [PROCESS] Day bootstrap progress: 60/300 (20.0%)
[02:12:05] [PROCESS] Day bootstrap progress: 90/300 (30.0%)
[02:15:00] [PROCESS] Day bootstrap progress: 120/300 (40.0%)
[02:17:56] [PROCESS] Day bootstrap progress: 150/300 (50.0%)
[02:20:53] [PROCESS] Day bootstrap progress: 180/300 (60.0%)
[02:23:50] [PROCESS] Day bootstrap progress: 210/300 (70.0%)
[02:26:47] [PROCESS] Day bootstrap progress: 240/300 (80.0%)
[02:29:43] [PROCESS] Day bootstrap progress: 270/300 (90.0%)
[02:32:38] [PROCESS] Day bootstrap progress: 300/300 (100.0%)
[02:32:44] [SUCCESS] Day Block Bootstrap complete: λ = 3272.2 ± 53.6 km (CV = 0.016)
[02:32:44] [DEBUG] Memory cleanup: RSS=7908.94 MB, VMS=13133.16 MB
[02:32:44] [DEBUG] Memory cleanup: RSS=5246.88 MB, VMS=10471.10 MB
[02:32:44] [WARNING] High memory usage detected in After Day Bootstrap: 5246.88 MB
[02:32:44] [DEBUG] Memory cleanup: RSS=5246.88 MB, VMS=10471.10 MB
[02:32:44] [INFO] ============================================================
[02:32:44] [PROCESS] Starting Hybrid Block Bootstrap Analysis...
[02:32:44] [WARNING] High memory usage detected in Hybrid Bootstrap Start: 5246.88 MB
[02:32:44] [DEBUG] Memory cleanup: RSS=5246.88 MB, VMS=10471.10 MB
[02:32:48] [INFO] Running 200 hybrid bootstrap samples from 345 stations and 912 days
[02:35:28] [PROCESS] Hybrid bootstrap progress: 20/200 (10.0%)
[02:38:15] [PROCESS] Hybrid bootstrap progress: 40/200 (20.0%)
[02:41:03] [PROCESS] Hybrid bootstrap progress: 60/200 (30.0%)
[02:43:50] [PROCESS] Hybrid bootstrap progress: 80/200 (40.0%)
[02:46:36] [PROCESS] Hybrid bootstrap progress: 100/200 (50.0%)
[02:49:25] [PROCESS] Hybrid bootstrap progress: 120/200 (60.0%)
[02:52:12] [PROCESS] Hybrid bootstrap progress: 140/200 (70.0%)
[02:54:58] [PROCESS] Hybrid bootstrap progress: 160/200 (80.0%)
[02:57:44] [PROCESS] Hybrid bootstrap progress: 180/200 (90.0%)
[03:00:31] [PROCESS] Hybrid bootstrap progress: 200/200 (100.0%)
[03:00:39] [SUCCESS] Hybrid Block Bootstrap complete: λ = 3262.6 ± 139.5 km (CV = 0.043)
[03:00:39] [DEBUG] Memory cleanup: RSS=7531.50 MB, VMS=12755.55 MB
[03:00:40] [DEBUG] Memory cleanup: RSS=5247.05 MB, VMS=10471.10 MB
[03:00:40] [INFO] ============================================================
[03:00:40] [PROCESS] Assessing bootstrap method consistency...
[03:00:40] [INFO] Bootstrap consistency: high (CV = 0.001)
[03:00:40] [SUCCESS] Robust block bootstrap analysis complete for code
[03:00:40] [INFO] Successful methods: ['station', 'day', 'hybrid']
[03:00:40] [SUCCESS] Results saved to: /mnt/data/results/outputs/step_3_1_robust_block_bootstrap_code.json
[03:00:40] [DEBUG] Memory cleanup: RSS=1372.30 MB, VMS=6596.32 MB
[03:00:40] [DEBUG] Memory usage after code: RSS=1372.30 MB, VMS=6596.32 MB
[03:00:40] [INFO] Performing additional memory cleanup for CODE dataset...
[03:00:40] [DEBUG] Memory cleanup: RSS=1372.30 MB, VMS=6596.32 MB
[03:00:40] [INFO] 
[03:00:40] [PROCESS] Processing analysis center: ESA_FINAL
[03:00:40] [INFO] --------------------------------------------------
[03:00:40] [PROCESS] Starting robust block bootstrap analysis for esa_final
[03:00:40] [PROCESS] Loading complete pair dataset for esa_final with chunking (chunk_size=25000)...
[03:00:40] [INFO] Using filtered Step 2.1 geospatial data: step_2_1_geospatial_esa_final.csv
[03:00:40] [INFO] Large file detected (1395.7 MB), using chunked loading...
[03:00:40] [DEBUG] Loaded 10 chunks...
[03:00:40] [DEBUG] Loaded 20 chunks...
[03:00:41] [DEBUG] Loaded 30 chunks...
[03:00:41] [DEBUG] Loaded 40 chunks...
[03:00:41] [DEBUG] Loaded 50 chunks...
[03:00:41] [DEBUG] Loaded 60 chunks...
[03:00:42] [DEBUG] Loaded 70 chunks...
[03:00:42] [DEBUG] Loaded 80 chunks...
[03:00:42] [DEBUG] Loaded 90 chunks...
[03:00:42] [DEBUG] Loaded 100 chunks...
[03:00:42] [DEBUG] Loaded 110 chunks...
[03:00:43] [DEBUG] Loaded 120 chunks...
[03:00:43] [DEBUG] Loaded 130 chunks...
[03:00:43] [DEBUG] Loaded 140 chunks...
[03:00:43] [DEBUG] Loaded 150 chunks...
[03:00:44] [DEBUG] Loaded 160 chunks...
[03:00:44] [DEBUG] Loaded 170 chunks...
[03:00:44] [DEBUG] Loaded 180 chunks...
[03:00:44] [DEBUG] Loaded 190 chunks...
[03:00:45] [DEBUG] Loaded 200 chunks...
[03:00:45] [DEBUG] Loaded 210 chunks...
[03:00:45] [DEBUG] Loaded 220 chunks...
[03:00:45] [DEBUG] Loaded 230 chunks...
[03:00:46] [DEBUG] Loaded 240 chunks...
[03:00:46] [DEBUG] Loaded 250 chunks...
[03:00:46] [DEBUG] Loaded 260 chunks...
[03:00:46] [DEBUG] Loaded 270 chunks...
[03:00:47] [DEBUG] Loaded 280 chunks...
[03:00:47] [DEBUG] Loaded 290 chunks...
[03:00:47] [DEBUG] Loaded 300 chunks...
[03:00:47] [DEBUG] Loaded 310 chunks...
[03:00:48] [DEBUG] Loaded 320 chunks...
[03:00:48] [DEBUG] Loaded 330 chunks...
[03:00:48] [DEBUG] Loaded 340 chunks...
[03:00:48] [DEBUG] Loaded 350 chunks...
[03:00:49] [DEBUG] Loaded 360 chunks...
[03:00:49] [DEBUG] Loaded 370 chunks...
[03:00:49] [DEBUG] Loaded 380 chunks...
[03:00:49] [DEBUG] Loaded 390 chunks...
[03:00:50] [DEBUG] Loaded 400 chunks...
[03:00:50] [DEBUG] Loaded 410 chunks...
[03:00:50] [DEBUG] Loaded 420 chunks...
[03:00:50] [DEBUG] Loaded 430 chunks...
[03:00:51] [SUCCESS] Loaded Step 2.1 dataset: 10,809,084 pairs for esa_final
[03:00:51] [DEBUG] Columns: ['date', 'station_i', 'station_j', 'dist_km', 'plateau_phase', 'station1_lat', 'station1_lon', 'station2_lat', 'station2_lon', 'azimuth', 'delta_longitude', 'delta_local_time', 'coherence']
[03:00:51] [DEBUG] Date range: 2023-01-01 00:00:00 to 2025-06-30 00:00:00
[03:00:51] [WARNING] High memory usage detected in After loading esa_final dataset: 2352.05 MB
[03:00:51] [DEBUG] Memory cleanup: RSS=2352.05 MB, VMS=7575.93 MB
[03:00:52] [INFO] ============================================================
[03:00:52] [PROCESS] Starting Station Block Bootstrap Analysis...
[03:00:53] [DEBUG] Configuration: TEP_STATION_BOOTSTRAP_SAMPLES = 50
[03:00:53] [INFO] Running 50 station bootstrap samples from 289 unique stations
[03:00:53] [INFO] Using 96 parallel workers for bootstrap processing
[03:00:53] [PROCESS] Pre-computing station pairs for efficient bootstrap sampling...
[03:00:54] [PROCESS] Pre-computing station 1/289: ADIS
[03:01:32] [PROCESS] Pre-computing station 51/289: HOLB
[03:02:11] [PROCESS] Pre-computing station 101/289: POVE
[03:02:50] [PROCESS] Pre-computing station 151/289: DJIG
[03:03:29] [PROCESS] Pre-computing station 201/289: GODN
[03:04:07] [PROCESS] Pre-computing station 251/289: CNMR
[03:04:36] [SUCCESS] Pre-computed pair indices for 289 stations
[03:04:37] [DEBUG] Memory cleanup: RSS=2979.36 MB, VMS=8212.93 MB
[03:04:37] [WARNING] High memory usage detected in Station Bootstrap Start: 2979.36 MB
[03:04:37] [DEBUG] Memory cleanup: RSS=2979.36 MB, VMS=8212.93 MB
[03:04:37] [INFO] Processing 50 bootstrap samples sequentially (multiprocessing disabled for large datasets)
[03:04:37] [INFO] Running diagnostic check with first 5 samples...
[03:04:40] [INFO] Diagnostic sample 0: SUCCESS - λ=2564.9 km, R²=0.334
[03:04:44] [INFO] Diagnostic sample 1: SUCCESS - λ=2543.5 km, R²=0.265
[03:04:48] [INFO] Diagnostic sample 2: SUCCESS - λ=2580.2 km, R²=0.344
[03:04:51] [INFO] Diagnostic sample 3: SUCCESS - λ=2591.2 km, R²=0.327
[03:04:55] [INFO] Diagnostic sample 4: SUCCESS - λ=2608.9 km, R²=0.212
[03:04:55] [SUCCESS] Diagnostic complete: 5/5 samples successful
[03:05:29] [PROCESS] Station bootstrap progress: 10/50 (20.0%), 9 successful
[03:06:06] [PROCESS] Station bootstrap progress: 20/50 (40.0%), 19 successful
[03:06:44] [PROCESS] Station bootstrap progress: 30/50 (60.0%), 29 successful
[03:07:21] [PROCESS] Station bootstrap progress: 40/50 (80.0%), 39 successful
[03:07:58] [PROCESS] Station bootstrap progress: 50/50 (100.0%), 49 successful
[03:08:03] [DEBUG] Memory cleanup: RSS=2979.39 MB, VMS=8212.93 MB
[03:08:03] [DEBUG] Memory cleanup: RSS=2352.35 MB, VMS=7575.93 MB
[03:08:03] [SUCCESS] Station Block Bootstrap complete: λ = 2597.3 ± 102.8 km (CV = 0.040)
[03:08:03] [DEBUG] Memory cleanup: RSS=2352.35 MB, VMS=7575.93 MB
[03:08:03] [WARNING] High memory usage detected in After Station Bootstrap: 2352.35 MB
[03:08:03] [DEBUG] Memory cleanup: RSS=2352.35 MB, VMS=7575.93 MB
[03:08:03] [INFO] ============================================================
[03:08:03] [PROCESS] Starting Day Block Bootstrap Analysis...
[03:08:03] [WARNING] High memory usage detected in Day Bootstrap Start: 2352.35 MB
[03:08:03] [DEBUG] Memory cleanup: RSS=2352.35 MB, VMS=7575.93 MB
[03:08:03] [INFO] Running 300 day bootstrap samples from 912 unique days
[03:08:47] [PROCESS] Day bootstrap progress: 30/300 (10.0%)
[03:09:33] [PROCESS] Day bootstrap progress: 60/300 (20.0%)
[03:10:19] [PROCESS] Day bootstrap progress: 90/300 (30.0%)
[03:11:05] [PROCESS] Day bootstrap progress: 120/300 (40.0%)
[03:11:50] [PROCESS] Day bootstrap progress: 150/300 (50.0%)
[03:12:36] [PROCESS] Day bootstrap progress: 180/300 (60.0%)
[03:13:22] [PROCESS] Day bootstrap progress: 210/300 (70.0%)
[03:14:08] [PROCESS] Day bootstrap progress: 240/300 (80.0%)
[03:14:53] [PROCESS] Day bootstrap progress: 270/300 (90.0%)
[03:15:39] [PROCESS] Day bootstrap progress: 300/300 (100.0%)
[03:15:41] [SUCCESS] Day Block Bootstrap complete: λ = 2584.3 ± 36.3 km (CV = 0.014)
[03:15:41] [DEBUG] Memory cleanup: RSS=2875.70 MB, VMS=8099.27 MB
[03:15:41] [DEBUG] Memory cleanup: RSS=2352.35 MB, VMS=7575.93 MB
[03:15:41] [WARNING] High memory usage detected in After Day Bootstrap: 2352.35 MB
[03:15:41] [DEBUG] Memory cleanup: RSS=2352.35 MB, VMS=7575.93 MB
[03:15:41] [INFO] ============================================================
[03:15:41] [PROCESS] Starting Hybrid Block Bootstrap Analysis...
[03:15:41] [WARNING] High memory usage detected in Hybrid Bootstrap Start: 2352.35 MB
[03:15:41] [DEBUG] Memory cleanup: RSS=2352.35 MB, VMS=7575.93 MB
[03:15:41] [INFO] Running 200 hybrid bootstrap samples from 289 stations and 912 days
[03:16:22] [PROCESS] Hybrid bootstrap progress: 20/200 (10.0%)
[03:17:04] [PROCESS] Hybrid bootstrap progress: 40/200 (20.0%)
[03:17:47] [PROCESS] Hybrid bootstrap progress: 60/200 (30.0%)
[03:18:29] [PROCESS] Hybrid bootstrap progress: 80/200 (40.0%)
[03:19:12] [PROCESS] Hybrid bootstrap progress: 100/200 (50.0%)
[03:19:55] [PROCESS] Hybrid bootstrap progress: 120/200 (60.0%)
[03:20:38] [PROCESS] Hybrid bootstrap progress: 140/200 (70.0%)
[03:21:20] [PROCESS] Hybrid bootstrap progress: 160/200 (80.0%)
[03:22:03] [PROCESS] Hybrid bootstrap progress: 180/200 (90.0%)
[03:22:46] [PROCESS] Hybrid bootstrap progress: 200/200 (100.0%)
[03:22:48] [SUCCESS] Hybrid Block Bootstrap complete: λ = 2602.3 ± 92.1 km (CV = 0.035)
[03:22:48] [DEBUG] Memory cleanup: RSS=2815.68 MB, VMS=8039.26 MB
[03:22:48] [DEBUG] Memory cleanup: RSS=2352.35 MB, VMS=7575.93 MB
[03:22:48] [INFO] ============================================================
[03:22:48] [PROCESS] Assessing bootstrap method consistency...
[03:22:48] [INFO] Bootstrap consistency: high (CV = 0.003)
[03:22:48] [SUCCESS] Robust block bootstrap analysis complete for esa_final
[03:22:48] [INFO] Successful methods: ['station', 'day', 'hybrid']
[03:22:48] [SUCCESS] Results saved to: /mnt/data/results/outputs/step_3_1_robust_block_bootstrap_esa_final.json
[03:22:48] [DEBUG] Memory cleanup: RSS=1360.78 MB, VMS=6584.32 MB
[03:22:48] [DEBUG] Memory usage after esa_final: RSS=1360.78 MB, VMS=6584.32 MB
[03:22:48] [INFO] 
[03:22:48] [PROCESS] Processing analysis center: IGS_COMBINED
[03:22:48] [INFO] --------------------------------------------------
[03:22:48] [PROCESS] Starting robust block bootstrap analysis for igs_combined
[03:22:48] [PROCESS] Loading complete pair dataset for igs_combined with chunking (chunk_size=25000)...
[03:22:48] [INFO] Using filtered Step 2.1 geospatial data: step_2_1_geospatial_igs_combined.csv
[03:22:48] [INFO] Large file detected (1660.6 MB), using chunked loading...
[03:22:48] [DEBUG] Loaded 10 chunks...
[03:22:48] [DEBUG] Loaded 20 chunks...
[03:22:49] [DEBUG] Loaded 30 chunks...
[03:22:49] [DEBUG] Loaded 40 chunks...
[03:22:49] [DEBUG] Loaded 50 chunks...
[03:22:49] [DEBUG] Loaded 60 chunks...
[03:22:50] [DEBUG] Loaded 70 chunks...
[03:22:50] [DEBUG] Loaded 80 chunks...
[03:22:50] [DEBUG] Loaded 90 chunks...
[03:22:50] [DEBUG] Loaded 100 chunks...
[03:22:51] [DEBUG] Loaded 110 chunks...
[03:22:51] [DEBUG] Loaded 120 chunks...
[03:22:51] [DEBUG] Loaded 130 chunks...
[03:22:51] [DEBUG] Loaded 140 chunks...
[03:22:52] [DEBUG] Loaded 150 chunks...
[03:22:52] [DEBUG] Loaded 160 chunks...
[03:22:52] [DEBUG] Loaded 170 chunks...
[03:22:52] [DEBUG] Loaded 180 chunks...
[03:22:53] [DEBUG] Loaded 190 chunks...
[03:22:53] [DEBUG] Loaded 200 chunks...
[03:22:53] [DEBUG] Loaded 210 chunks...
[03:22:53] [DEBUG] Loaded 220 chunks...
[03:22:54] [DEBUG] Loaded 230 chunks...
[03:22:54] [DEBUG] Loaded 240 chunks...
[03:22:54] [DEBUG] Loaded 250 chunks...
[03:22:54] [DEBUG] Loaded 260 chunks...
[03:22:55] [DEBUG] Loaded 270 chunks...
[03:22:55] [DEBUG] Loaded 280 chunks...
[03:22:55] [DEBUG] Loaded 290 chunks...
[03:22:55] [DEBUG] Loaded 300 chunks...
[03:22:56] [DEBUG] Loaded 310 chunks...
[03:22:56] [DEBUG] Loaded 320 chunks...
[03:22:56] [DEBUG] Loaded 330 chunks...
[03:22:56] [DEBUG] Loaded 340 chunks...
[03:22:56] [DEBUG] Loaded 350 chunks...
[03:22:57] [DEBUG] Loaded 360 chunks...
[03:22:57] [DEBUG] Loaded 370 chunks...
[03:22:57] [DEBUG] Loaded 380 chunks...
[03:22:57] [DEBUG] Loaded 390 chunks...
[03:22:58] [DEBUG] Loaded 400 chunks...
[03:22:58] [DEBUG] Loaded 410 chunks...
[03:22:58] [DEBUG] Loaded 420 chunks...
[03:22:58] [DEBUG] Loaded 430 chunks...
[03:22:59] [DEBUG] Loaded 440 chunks...
[03:22:59] [DEBUG] Loaded 450 chunks...
[03:22:59] [DEBUG] Loaded 460 chunks...
[03:22:59] [DEBUG] Loaded 470 chunks...
[03:23:00] [DEBUG] Loaded 480 chunks...
[03:23:00] [DEBUG] Loaded 490 chunks...
[03:23:00] [DEBUG] Loaded 500 chunks...
[03:23:00] [DEBUG] Loaded 510 chunks...
[03:23:01] [SUCCESS] Loaded Step 2.1 dataset: 12,874,746 pairs for igs_combined
[03:23:01] [DEBUG] Columns: ['date', 'station_i', 'station_j', 'dist_km', 'plateau_phase', 'station1_lat', 'station1_lon', 'station2_lat', 'station2_lon', 'azimuth', 'delta_longitude', 'delta_local_time', 'coherence']
[03:23:02] [DEBUG] Date range: 2023-01-01 00:00:00 to 2025-06-30 00:00:00
[03:23:02] [WARNING] High memory usage detected in After loading igs_combined dataset: 2735.68 MB
[03:23:02] [DEBUG] Memory cleanup: RSS=2735.68 MB, VMS=7959.01 MB
[03:23:03] [INFO] ============================================================
[03:23:03] [PROCESS] Starting Station Block Bootstrap Analysis...
[03:23:04] [DEBUG] Configuration: TEP_STATION_BOOTSTRAP_SAMPLES = 50
[03:23:04] [INFO] Running 50 station bootstrap samples from 316 unique stations
[03:23:04] [INFO] Using 96 parallel workers for bootstrap processing
[03:23:04] [PROCESS] Pre-computing station pairs for efficient bootstrap sampling...
[03:23:05] [PROCESS] Pre-computing station 1/316: ABMF
[03:23:50] [PROCESS] Pre-computing station 51/316: GODE
[03:24:36] [PROCESS] Pre-computing station 101/316: MDVJ
[03:25:22] [PROCESS] Pre-computing station 151/316: SFER
[03:26:09] [PROCESS] Pre-computing station 201/316: YELL
[03:26:54] [PROCESS] Pre-computing station 251/316: MCHL
[03:27:40] [PROCESS] Pre-computing station 301/316: KOUC
[03:27:54] [SUCCESS] Pre-computed pair indices for 316 stations
[03:27:55] [DEBUG] Memory cleanup: RSS=3500.44 MB, VMS=8732.01 MB
[03:27:55] [WARNING] High memory usage detected in Station Bootstrap Start: 3500.44 MB
[03:27:55] [DEBUG] Memory cleanup: RSS=3500.44 MB, VMS=8732.01 MB
[03:27:55] [INFO] Processing 50 bootstrap samples sequentially (multiprocessing disabled for large datasets)
[03:27:55] [INFO] Running diagnostic check with first 5 samples...
[03:27:59] [INFO] Diagnostic sample 0: SUCCESS - λ=2695.0 km, R²=0.054
[03:28:04] [INFO] Diagnostic sample 1: SUCCESS - λ=2804.0 km, R²=-0.034
[03:28:09] [INFO] Diagnostic sample 2: SUCCESS - λ=2751.8 km, R²=-0.094
[03:28:13] [INFO] Diagnostic sample 3: SUCCESS - λ=2729.7 km, R²=0.064
[03:28:18] [INFO] Diagnostic sample 4: SUCCESS - λ=2781.8 km, R²=0.053
[03:28:18] [SUCCESS] Diagnostic complete: 5/5 samples successful
[03:28:59] [PROCESS] Station bootstrap progress: 10/50 (20.0%), 9 successful
[03:29:46] [PROCESS] Station bootstrap progress: 20/50 (40.0%), 19 successful
[03:30:33] [PROCESS] Station bootstrap progress: 30/50 (60.0%), 29 successful
[03:31:19] [PROCESS] Station bootstrap progress: 40/50 (80.0%), 39 successful
[03:32:06] [PROCESS] Station bootstrap progress: 50/50 (100.0%), 49 successful
[03:32:11] [DEBUG] Memory cleanup: RSS=3500.47 MB, VMS=8732.01 MB
[03:32:11] [DEBUG] Memory cleanup: RSS=2738.17 MB, VMS=7961.01 MB
[03:32:11] [SUCCESS] Station Block Bootstrap complete: λ = 2738.5 ± 66.7 km (CV = 0.024)
[03:32:11] [DEBUG] Memory cleanup: RSS=2738.17 MB, VMS=7961.01 MB
[03:32:11] [WARNING] High memory usage detected in After Station Bootstrap: 2738.17 MB
[03:32:11] [DEBUG] Memory cleanup: RSS=2738.17 MB, VMS=7961.01 MB
[03:32:11] [INFO] ============================================================
[03:32:11] [PROCESS] Starting Day Block Bootstrap Analysis...
[03:32:11] [WARNING] High memory usage detected in Day Bootstrap Start: 2738.17 MB
[03:32:11] [DEBUG] Memory cleanup: RSS=2738.17 MB, VMS=7961.01 MB
[03:32:12] [INFO] Running 300 day bootstrap samples from 912 unique days
[03:33:04] [PROCESS] Day bootstrap progress: 30/300 (10.0%)
[03:33:58] [PROCESS] Day bootstrap progress: 60/300 (20.0%)
[03:34:53] [PROCESS] Day bootstrap progress: 90/300 (30.0%)
[03:35:48] [PROCESS] Day bootstrap progress: 120/300 (40.0%)
[03:36:42] [PROCESS] Day bootstrap progress: 150/300 (50.0%)
[03:37:37] [PROCESS] Day bootstrap progress: 180/300 (60.0%)
[03:38:31] [PROCESS] Day bootstrap progress: 210/300 (70.0%)
[03:39:26] [PROCESS] Day bootstrap progress: 240/300 (80.0%)
[03:40:21] [PROCESS] Day bootstrap progress: 270/300 (90.0%)
[03:41:14] [PROCESS] Day bootstrap progress: 300/300 (100.0%)
[03:41:16] [SUCCESS] Day Block Bootstrap complete: λ = 2743.4 ± 43.1 km (CV = 0.016)
[03:41:16] [DEBUG] Memory cleanup: RSS=3492.93 MB, VMS=8715.77 MB
[03:41:16] [DEBUG] Memory cleanup: RSS=2738.17 MB, VMS=7961.01 MB
[03:41:16] [WARNING] High memory usage detected in After Day Bootstrap: 2738.17 MB
[03:41:16] [DEBUG] Memory cleanup: RSS=2738.17 MB, VMS=7961.01 MB
[03:41:16] [INFO] ============================================================
[03:41:16] [PROCESS] Starting Hybrid Block Bootstrap Analysis...
[03:41:16] [WARNING] High memory usage detected in Hybrid Bootstrap Start: 2738.17 MB
[03:41:16] [DEBUG] Memory cleanup: RSS=2738.17 MB, VMS=7961.01 MB
[03:41:17] [INFO] Running 200 hybrid bootstrap samples from 316 stations and 912 days
[03:42:06] [PROCESS] Hybrid bootstrap progress: 20/200 (10.0%)
[03:42:56] [PROCESS] Hybrid bootstrap progress: 40/200 (20.0%)
[03:43:48] [PROCESS] Hybrid bootstrap progress: 60/200 (30.0%)
[03:44:39] [PROCESS] Hybrid bootstrap progress: 80/200 (40.0%)
[03:45:30] [PROCESS] Hybrid bootstrap progress: 100/200 (50.0%)
[03:46:21] [PROCESS] Hybrid bootstrap progress: 120/200 (60.0%)
[03:47:13] [PROCESS] Hybrid bootstrap progress: 140/200 (70.0%)
[03:48:04] [PROCESS] Hybrid bootstrap progress: 160/200 (80.0%)
[03:48:55] [PROCESS] Hybrid bootstrap progress: 180/200 (90.0%)
[03:49:46] [PROCESS] Hybrid bootstrap progress: 200/200 (100.0%)
[03:49:49] [SUCCESS] Hybrid Block Bootstrap complete: λ = 2734.7 ± 83.9 km (CV = 0.031)
[03:49:49] [DEBUG] Memory cleanup: RSS=3274.73 MB, VMS=8497.57 MB
[03:49:49] [DEBUG] Memory cleanup: RSS=2738.17 MB, VMS=7961.01 MB
[03:49:49] [INFO] ============================================================
[03:49:49] [PROCESS] Assessing bootstrap method consistency...
[03:49:49] [INFO] Bootstrap consistency: high (CV = 0.001)
[03:49:49] [SUCCESS] Robust block bootstrap analysis complete for igs_combined
[03:49:49] [INFO] Successful methods: ['station', 'day', 'hybrid']
[03:49:49] [SUCCESS] Results saved to: /mnt/data/results/outputs/step_3_1_robust_block_bootstrap_igs_combined.json
[03:49:49] [DEBUG] Memory cleanup: RSS=1357.88 MB, VMS=6580.56 MB
[03:49:49] [DEBUG] Memory usage after igs_combined: RSS=1357.88 MB, VMS=6580.56 MB
[03:49:49] [INFO] ================================================================================
[03:49:49] [SUCCESS] Robust block bootstrap analysis completed in 8286.2 seconds
[03:49:49] [INFO] All bootstrap validation results saved to results/outputs/
[03:49:49] [INFO] ================================================================================
