[17:11:52] [INFO] TEP GNSS Analysis Package v0.27 (Jaipur) - STEP 4.4: Comprehensive Gravitational-Temporal Field Correlation Analysis
[17:11:52] [INFO] 

[17:11:52] [INFO] Generating high-precision gravitational data from 2023-01-01 to 2025-06-30...
[17:11:52] [INFO]   Processed 100 days...
[17:11:52] [INFO]   Processed 200 days...
[17:11:52] [INFO]   Processed 300 days...
[17:11:52] [INFO]   Processed 400 days...
[17:11:52] [INFO]   Processed 500 days...
[17:11:52] [INFO]   Processed 600 days...
[17:11:52] [INFO]   Processed 700 days...
[17:11:52] [INFO]   Processed 800 days...
[17:11:52] [INFO]   Processed 900 days...
[17:11:52] [INFO] Generated gravitational data for 912 days
[17:11:52] [INFO] Extracting daily TEP coherence data from Step 2.1 geospatial processed data...
[17:11:52] [INFO] Processing CODE Step 2.1 geospatial data...
[17:11:52] [WARNING] Step 2.1 geospatial data not found for CODE at /Users/matthewsmawfield/www/Temporal Equivalence Principle/TEP-GNSS/data/processed/step_2_1_geospatial_code.csv. Skipping.
[17:11:52] [INFO] Processing ESA_FINAL Step 2.1 geospatial data...
[17:11:52] [WARNING] Step 2.1 geospatial data not found for ESA_FINAL at /Users/matthewsmawfield/www/Temporal Equivalence Principle/TEP-GNSS/data/processed/step_2_1_geospatial_esa_final.csv. Skipping.
[17:11:52] [INFO] Processing IGS_COMBINED Step 2.1 geospatial data...
[17:11:52] [WARNING] Step 2.1 geospatial data not found for IGS_COMBINED at /Users/matthewsmawfield/www/Temporal Equivalence Principle/TEP-GNSS/data/processed/step_2_1_geospatial_igs_combined.csv. Skipping.
[17:11:52] [INFO] Aggregating coherence data across all centers...
[17:11:52] [ERROR] Step 4.4 failed - unexpected error: No authentic TEP coherence data could be extracted from daily files
