[09:02:54] [PROCESS] Executing Step 4.1: TEP Visualization...
[09:02:54] [INFO] 
============================================================
[09:02:54] [INFO] GENERATING STATION DISTANCE MATRIX
[09:02:54] [INFO] ============================================================
[09:02:54] [INFO] Generating station distance matrix with proper great-circle distances
[09:02:54] [INFO] Processing 767 stations with valid coordinates
[09:06:31] [SUCCESS] Generated station distance matrix with 293761 pairs
[09:06:31] [SUCCESS] Saved to: /mnt/data/data/processed/step_2_1_station_distances.csv and /mnt/data/data/processed/step_8_station_distances.csv
[09:06:31] [SUCCESS] Station distance matrix generated: /mnt/data/data/processed/step_2_1_station_distances.csv
[09:06:31] [SUCCESS] Successfully loaded all prerequisite data.
[09:06:31] [INFO] 
------------------------------------------------------------
[09:06:31] [INFO] 1. RESIDUAL ANALYSIS
[09:06:31] [INFO] ------------------------------------------------------------
[09:06:31] [INFO] Creating residual plots
[09:06:31] [INFO]   Processing residuals for CODE
[09:06:32] [SUCCESS] Residual plot saved: /mnt/data/results/figures/step_4_1_residuals_code.png
[09:06:32] [INFO]   Processing residuals for ESA_FINAL
[09:06:32] [SUCCESS] Residual plot saved: /mnt/data/results/figures/step_4_1_residuals_esa_final.png
[09:06:32] [INFO]   Processing residuals for IGS_COMBINED
[09:06:33] [SUCCESS] Residual plot saved: /mnt/data/results/figures/step_4_1_residuals_igs_combined.png
[09:06:33] [SUCCESS] Residual analysis completed.
[09:06:33] [INFO] 
------------------------------------------------------------
[09:06:33] [INFO] 2. NULL TEST EXPORT
[09:06:33] [INFO] ------------------------------------------------------------
[09:06:33] [INFO] Exporting null test results
[09:06:33] [WARNING] Null test file not found for code: /mnt/data/results/outputs/step_3_2_null_tests_code.json. Skipping.
[09:06:33] [WARNING] Null test file not found for esa_final: /mnt/data/results/outputs/step_3_2_null_tests_esa_final.json. Skipping.
[09:06:33] [WARNING] Null test file not found for igs_combined: /mnt/data/results/outputs/step_3_2_null_tests_igs_combined.json. Skipping.
[09:06:33] [WARNING] No null test data found to export. Skipping null test export.
[09:06:33] [SUCCESS] Null test export completed.
[09:06:33] [INFO] 
------------------------------------------------------------
[09:06:33] [INFO] 3. COHERENCY METHOD COMPARISON
[09:06:33] [INFO] ------------------------------------------------------------
[09:06:33] [INFO] Comparing coherency methods
[09:06:33] [INFO] Analyzing coherency methods for CODE
[09:06:33] [INFO] Analyzing coherency methods for ESA_FINAL
[09:06:33] [INFO] Analyzing coherency methods for IGS_COMBINED
[09:06:33] [SUCCESS] Coherency method comparison completed.
[09:06:33] [INFO] 
------------------------------------------------------------
[09:06:33] [INFO] 4. PUBLICATION FIGURE
[09:06:33] [INFO] ------------------------------------------------------------
[09:06:33] [INFO] Creating publication figure
[09:06:33] [SUCCESS] Publication figure saved: /mnt/data/results/figures/step_4_1_publication_figure.png
[09:06:33] [SUCCESS] Publication figure generation completed.
[09:06:33] [INFO] 
------------------------------------------------------------
[09:06:33] [INFO] 5. ANISOTROPY VS LONGITUDE ANALYSIS
[09:06:33] [INFO] ------------------------------------------------------------
[09:06:33] [INFO] Creating anisotropy vs. longitude plots
[09:06:33] [PROCESS] Processing CODE for longitude analysis...
[09:07:16] [SUCCESS] Saved heatmap for code to /mnt/data/results/figures/step_4_1_anisotropy_heatmap_code.png
[09:07:16] [PROCESS] Processing IGS_COMBINED for longitude analysis...
[09:07:29] [SUCCESS] Saved heatmap for igs_combined to /mnt/data/results/figures/step_4_1_anisotropy_heatmap_igs_combined.png
[09:07:29] [PROCESS] Processing ESA_FINAL for longitude analysis...
[09:07:41] [SUCCESS] Saved heatmap for esa_final to /mnt/data/results/figures/step_4_1_anisotropy_heatmap_esa_final.png
[09:07:41] [SUCCESS] Anisotropy vs Longitude analysis completed.
[09:07:41] [INFO] 
------------------------------------------------------------
[09:07:41] [INFO] 6. GENERATING STATION LOCATION MAPS
[09:07:41] [INFO] ------------------------------------------------------------
[09:07:41] [INFO] Creating 2D station map
[09:07:41] [WARNING] Analysis stations file not found, using all stations
[09:07:41] [INFO] Using all 767 total cataloged stations
[09:07:42] [SUCCESS] Saved station map: /mnt/data/results/figures/step_4_1_gnss_stations_map.png
[09:07:42] [SUCCESS] Station location maps generated successfully.
[09:07:42] [INFO] 
------------------------------------------------------------
[09:07:42] [INFO] 7. MULTI-BAND FREQUENCY VISUALIZATION
[09:07:42] [INFO] ------------------------------------------------------------
[09:07:48] [SUCCESS] Multi-band frequency visualization completed.
[09:07:48] [INFO] All step 4.8 figures automatically synced to site folder.
[09:07:48] [INFO] 
------------------------------------------------------------
[09:07:48] [INFO] 8. DISTANCE DISTRIBUTION ANALYSIS
[09:07:48] [INFO] ------------------------------------------------------------
[09:07:48] [INFO] Creating distance distribution plot with analysis center breakdown
[09:07:48] [INFO] Loading ALL distance pairs for CODE
[09:08:15] [SUCCESS] Loaded 39,068,754 distance pairs for CODE
[09:08:15] [INFO] Loading ALL distance pairs for IGS_COMBINED
[09:08:24] [SUCCESS] Loaded 12,879,380 distance pairs for IGS_COMBINED
[09:08:24] [INFO] Loading ALL distance pairs for ESA_FINAL
[09:08:31] [SUCCESS] Loaded 10,809,085 distance pairs for ESA_FINAL
[09:08:31] [WARNING] Could not load lambda_km from code results: 'dict' object is not callable
[09:08:31] [WARNING] Could not load lambda_km from igs_combined results: 'dict' object is not callable
[09:08:31] [WARNING] Could not load lambda_km from esa_final results: 'dict' object is not callable
[09:08:31] [WARNING] Could not load correlation lengths from any center
[09:08:37] [SUCCESS] Saved distance distribution plot to /mnt/data/results/figures/step_4_1_distance_distribution.png
[09:08:37] [SUCCESS] Synced distance distribution plot to site directory: /mnt/data/site/public/figures/step_4_1_distance_distribution.png
[09:08:53] [SUCCESS] Distance distribution plot generated successfully.
[09:08:53] [INFO] 
------------------------------------------------------------
[09:08:53] [INFO] 9. BINNED CORRELATION DATA VISUALIZATION
[09:08:53] [INFO] ------------------------------------------------------------
[09:08:53] [INFO] Creating binning strategy diagram
[09:08:53] [INFO] Loaded 28 distance bins for CODE
[09:08:53] [INFO] Loaded 28 distance bins for IGS_COMBINED
[09:08:53] [INFO] Loaded 25 distance bins for ESA_FINAL
[09:08:54] [SUCCESS] Saved binning strategy diagram to /mnt/data/results/figures/step_4_1_binned_correlation_data.png
[09:08:54] [SUCCESS] Binned correlation data plot generated successfully.
[09:08:54] [INFO] 
============================================================
[09:08:54] [SUCCESS] STEP 4.1 VISUALIZATION AND EXPORT COMPLETE
[09:08:54] [INFO] ============================================================
