[16:52:35] [INFO] 
[16:52:35] [INFO] Configuration:
[16:52:35] [INFO]   Date range: 2023-01-01 to 2025-06-30
[16:52:35] [INFO]   Analysis centers: CODE, IGS_COMBINED, ESA_FINAL
[16:52:35] [INFO]   Parallel workers: 14
[16:52:35] [INFO]   Analysis scope: Comprehensive (all stations and pairs)
[16:52:35] [INFO] 
============================================================
[16:52:35] [INFO] PROCESSING CODE
[16:52:35] [INFO] ============================================================
[16:52:35] [INFO] Starting analysis for CODE
[16:52:35] [INFO] Found 912 CLK files for CODE
[16:53:09] [INFO] Progress: 10/912 files (1.1%) - 262,798 hourly records
[16:53:41] [INFO] Progress: 20/912 files (2.2%) - 526,723 hourly records
[16:54:12] [INFO] Progress: 30/912 files (3.3%) - 790,625 hourly records
[16:54:15] [INFO] Progress: 40/912 files (4.4%) - 1,053,423 hourly records
[16:54:45] [INFO] Progress: 50/912 files (5.5%) - 1,306,423 hourly records
[16:55:14] [INFO] Progress: 60/912 files (6.6%) - 1,560,527 hourly records
[16:55:21] [INFO] Progress: 70/912 files (7.7%) - 1,822,313 hourly records
[16:55:50] [INFO] Progress: 80/912 files (8.8%) - 2,082,972 hourly records
[16:56:21] [INFO] Progress: 90/912 files (9.9%) - 2,349,082 hourly records
[16:56:50] [INFO] Progress: 100/912 files (11.0%) - 2,605,348 hourly records
[16:56:57] [INFO] Progress: 110/912 files (12.1%) - 2,863,845 hourly records
[16:57:25] [INFO] Progress: 120/912 files (13.2%) - 3,126,666 hourly records
[16:57:55] [INFO] Progress: 130/912 files (14.3%) - 3,391,649 hourly records
[16:58:07] [INFO] Progress: 140/912 files (15.4%) - 3,653,343 hourly records
[16:58:31] [INFO] Progress: 150/912 files (16.4%) - 3,912,967 hourly records
[16:59:01] [INFO] Progress: 160/912 files (17.5%) - 4,176,892 hourly records
[16:59:30] [INFO] Progress: 170/912 files (18.6%) - 4,437,505 hourly records
[16:59:38] [INFO] Progress: 180/912 files (19.7%) - 4,699,245 hourly records
[17:00:06] [INFO] Progress: 190/912 files (20.8%) - 4,948,013 hourly records
[17:00:34] [INFO] Progress: 200/912 files (21.9%) - 5,200,047 hourly records
[17:00:51] [INFO] Progress: 210/912 files (23.0%) - 5,458,475 hourly records
[17:01:13] [INFO] Progress: 220/912 files (24.1%) - 5,724,585 hourly records
[17:01:40] [INFO] Progress: 230/912 files (25.2%) - 5,986,233 hourly records
[17:02:09] [INFO] Progress: 240/912 files (26.3%) - 6,251,216 hourly records
[17:02:19] [INFO] Progress: 250/912 files (27.4%) - 6,510,771 hourly records
[17:02:48] [INFO] Progress: 260/912 files (28.5%) - 6,765,979 hourly records
[17:03:14] [INFO] Progress: 270/912 files (29.6%) - 7,016,909 hourly records
[17:03:30] [INFO] Progress: 280/912 files (30.7%) - 7,269,863 hourly records
[17:03:52] [INFO] Progress: 290/912 files (31.8%) - 7,515,365 hourly records
[17:04:16] [INFO] Progress: 300/912 files (32.9%) - 7,764,110 hourly records
[17:04:42] [INFO] Progress: 310/912 files (34.0%) - 8,007,496 hourly records
[17:04:54] [INFO] Progress: 320/912 files (35.1%) - 8,254,148 hourly records
[17:05:19] [INFO] Progress: 330/912 files (36.2%) - 8,506,136 hourly records
[17:05:47] [INFO] Progress: 340/912 files (37.3%) - 8,754,973 hourly records
[17:06:06] [INFO] Progress: 350/912 files (38.4%) - 9,002,729 hourly records
[17:06:22] [INFO] Progress: 360/912 files (39.5%) - 9,251,428 hourly records
[17:06:50] [INFO] Progress: 370/912 files (40.6%) - 9,504,635 hourly records
[17:07:17] [INFO] Progress: 380/912 files (41.7%) - 9,759,866 hourly records
[17:07:29] [INFO] Progress: 390/912 files (42.8%) - 10,009,692 hourly records
[17:07:54] [INFO] Progress: 400/912 files (43.9%) - 10,251,008 hourly records
[17:08:18] [INFO] Progress: 410/912 files (45.0%) - 10,496,533 hourly records
[17:08:44] [INFO] Progress: 420/912 files (46.1%) - 10,746,313 hourly records
[17:08:57] [INFO] Progress: 430/912 files (47.1%) - 10,995,058 hourly records
[17:09:20] [INFO] Progress: 440/912 files (48.2%) - 11,238,467 hourly records
[17:09:48] [INFO] Progress: 450/912 files (49.3%) - 11,481,968 hourly records
[17:10:12] [INFO] Progress: 460/912 files (50.4%) - 11,733,151 hourly records
[17:10:26] [INFO] Progress: 470/912 files (51.5%) - 11,989,394 hourly records
[17:10:54] [INFO] Progress: 480/912 files (52.6%) - 12,252,146 hourly records
[17:11:22] [INFO] Progress: 490/912 files (53.7%) - 12,510,643 hourly records
[17:11:31] [INFO] Progress: 500/912 files (54.8%) - 12,769,094 hourly records
[17:12:00] [INFO] Progress: 510/912 files (55.9%) - 13,008,340 hourly records
[17:12:27] [INFO] Progress: 520/912 files (57.0%) - 13,264,560 hourly records
[17:12:50] [INFO] Progress: 530/912 files (58.1%) - 13,513,351 hourly records
[17:13:03] [INFO] Progress: 540/912 files (59.2%) - 13,764,281 hourly records
[17:13:31] [INFO] Progress: 550/912 files (60.3%) - 14,015,211 hourly records
[17:13:53] [INFO] Progress: 560/912 files (61.4%) - 14,265,014 hourly records
[17:14:07] [INFO] Progress: 570/912 files (62.5%) - 14,521,349 hourly records
[17:14:36] [INFO] Progress: 580/912 files (63.6%) - 14,769,036 hourly records
[17:15:00] [INFO] Progress: 590/912 files (64.7%) - 15,021,116 hourly records
[17:15:24] [INFO] Progress: 600/912 files (65.8%) - 15,275,289 hourly records
[17:15:41] [INFO] Progress: 610/912 files (66.9%) - 15,527,277 hourly records
[17:16:08] [INFO] Progress: 620/912 files (68.0%) - 15,779,403 hourly records
[17:16:32] [INFO] Progress: 630/912 files (69.1%) - 16,029,298 hourly records
[17:16:44] [INFO] Progress: 640/912 files (70.2%) - 16,289,888 hourly records
[17:17:15] [INFO] Progress: 650/912 files (71.3%) - 16,553,813 hourly records
[17:17:37] [INFO] Progress: 660/912 files (72.4%) - 16,819,923 hourly records
[17:18:03] [INFO] Progress: 670/912 files (73.5%) - 17,080,536 hourly records
[17:18:19] [INFO] Progress: 680/912 files (74.6%) - 17,334,686 hourly records
[17:18:47] [INFO] Progress: 690/912 files (75.7%) - 17,592,125 hourly records
[17:19:14] [INFO] Progress: 700/912 files (76.8%) - 17,853,865 hourly records
[17:19:25] [INFO] Progress: 710/912 files (77.9%) - 18,114,455 hourly records
[17:19:56] [INFO] Progress: 720/912 files (78.9%) - 18,377,299 hourly records
[17:20:21] [INFO] Progress: 730/912 files (80.0%) - 18,639,062 hourly records
[17:20:46] [INFO] Progress: 740/912 files (81.1%) - 18,897,720 hourly records
[17:20:59] [INFO] Progress: 750/912 files (82.2%) - 19,160,518 hourly records
[17:21:29] [INFO] Progress: 760/912 files (83.3%) - 19,424,374 hourly records
[17:21:58] [INFO] Progress: 770/912 files (84.4%) - 19,685,010 hourly records
[17:22:07] [INFO] Progress: 780/912 files (85.5%) - 19,948,889 hourly records
[17:22:33] [INFO] Progress: 790/912 files (86.6%) - 20,210,629 hourly records
[17:23:04] [INFO] Progress: 800/912 files (87.7%) - 20,474,508 hourly records
[17:23:27] [INFO] Progress: 810/912 files (88.8%) - 20,742,803 hourly records
[17:23:43] [INFO] Progress: 820/912 files (89.9%) - 21,004,520 hourly records
[17:24:13] [INFO] Progress: 830/912 files (91.0%) - 21,270,630 hourly records
[17:24:38] [INFO] Progress: 840/912 files (92.1%) - 21,534,509 hourly records
[17:24:52] [INFO] Progress: 850/912 files (93.2%) - 21,802,850 hourly records
[17:25:20] [INFO] Progress: 860/912 files (94.3%) - 22,065,671 hourly records
[17:25:45] [INFO] Progress: 870/912 files (95.4%) - 22,328,469 hourly records
[17:26:05] [INFO] Progress: 880/912 files (96.5%) - 22,595,660 hourly records
[17:26:28] [INFO] Progress: 890/912 files (97.6%) - 22,854,134 hourly records
[17:26:57] [INFO] Progress: 900/912 files (98.7%) - 23,115,828 hourly records
[17:27:19] [INFO] Progress: 910/912 files (99.8%) - 23,377,499 hourly records
[17:27:22] [INFO] Generated 23430491 hourly records for CODE
[17:28:36] [SUCCESS] Results for CODE:
[17:28:36] [INFO]   Annual CV: 0.0986
[17:28:36] [INFO]   Day/Night ratio: 0.936
[17:28:36] [INFO]   Day mean: 0.011276
[17:28:36] [INFO]   Night mean: 0.012045
[17:28:36] [INFO]   Seasonal peaks:
[17:28:36] [INFO]     DJF: Hour 18, Ratio 0.824
[17:28:36] [INFO]     MAM: Hour 8, Ratio 1.018
[17:28:36] [INFO]     JJA: Hour 20, Ratio 0.902
[17:28:36] [INFO]     SON: Hour 10, Ratio 1.043
[17:28:36] [INFO] 
============================================================
[17:28:36] [INFO] PROCESSING IGS_COMBINED
[17:28:36] [INFO] ============================================================
[17:28:36] [INFO] Starting analysis for IGS_COMBINED
[17:28:36] [INFO] Found 912 CLK files for IGS_COMBINED
[17:29:10] [INFO] Progress: 10/912 files (1.1%) - 270,480 hourly records
[17:29:43] [INFO] Progress: 20/912 files (2.2%) - 540,960 hourly records
[17:30:16] [INFO] Progress: 30/912 files (3.3%) - 811,440 hourly records
[17:30:17] [INFO] Progress: 40/912 files (4.4%) - 1,081,920 hourly records
[17:30:51] [INFO] Progress: 50/912 files (5.5%) - 1,352,400 hourly records
[17:31:23] [INFO] Progress: 60/912 files (6.6%) - 1,622,880 hourly records
[17:31:26] [INFO] Progress: 70/912 files (7.7%) - 1,893,360 hourly records
[17:31:59] [INFO] Progress: 80/912 files (8.8%) - 2,163,840 hourly records
[17:32:31] [INFO] Progress: 90/912 files (9.9%) - 2,434,320 hourly records
[17:33:04] [INFO] Progress: 100/912 files (11.0%) - 2,704,800 hourly records
[17:33:06] [INFO] Progress: 110/912 files (12.1%) - 2,975,280 hourly records
[17:33:39] [INFO] Progress: 120/912 files (13.2%) - 3,245,760 hourly records
[17:34:11] [INFO] Progress: 130/912 files (14.3%) - 3,516,240 hourly records
[17:34:17] [INFO] Progress: 140/912 files (15.4%) - 3,786,720 hourly records
[17:34:47] [INFO] Progress: 150/912 files (16.4%) - 4,057,200 hourly records
[17:35:19] [INFO] Progress: 160/912 files (17.5%) - 4,327,680 hourly records
[17:35:51] [INFO] Progress: 170/912 files (18.6%) - 4,598,160 hourly records
[17:35:55] [INFO] Progress: 180/912 files (19.7%) - 4,868,640 hourly records
[17:36:27] [INFO] Progress: 190/912 files (20.8%) - 5,139,120 hourly records
[17:36:59] [INFO] Progress: 200/912 files (21.9%) - 5,409,600 hourly records
[17:37:07] [INFO] Progress: 210/912 files (23.0%) - 5,680,080 hourly records
[17:37:36] [INFO] Progress: 220/912 files (24.1%) - 5,950,560 hourly records
[17:38:07] [INFO] Progress: 230/912 files (25.2%) - 6,221,040 hourly records
[17:38:39] [INFO] Progress: 240/912 files (26.3%) - 6,491,520 hourly records
[17:38:44] [INFO] Progress: 250/912 files (27.4%) - 6,762,000 hourly records
[17:39:15] [INFO] Progress: 260/912 files (28.5%) - 7,032,480 hourly records
[17:39:47] [INFO] Progress: 270/912 files (29.6%) - 7,302,960 hourly records
[17:39:58] [INFO] Progress: 280/912 files (30.7%) - 7,573,440 hourly records
[17:40:24] [INFO] Progress: 290/912 files (31.8%) - 7,843,920 hourly records
[17:40:54] [INFO] Progress: 300/912 files (32.9%) - 8,114,400 hourly records
[17:41:27] [INFO] Progress: 310/912 files (34.0%) - 8,384,880 hourly records
[17:41:33] [INFO] Progress: 320/912 files (35.1%) - 8,655,360 hourly records
[17:42:03] [INFO] Progress: 330/912 files (36.2%) - 8,925,840 hourly records
[17:42:35] [INFO] Progress: 340/912 files (37.3%) - 9,196,320 hourly records
[17:42:49] [INFO] Progress: 350/912 files (38.4%) - 9,466,800 hourly records
[17:43:13] [INFO] Progress: 360/912 files (39.5%) - 9,737,280 hourly records
[17:43:43] [INFO] Progress: 370/912 files (40.6%) - 10,007,760 hourly records
[17:44:15] [INFO] Progress: 380/912 files (41.7%) - 10,278,240 hourly records
[17:44:21] [INFO] Progress: 390/912 files (42.8%) - 10,548,720 hourly records
[17:44:51] [INFO] Progress: 400/912 files (43.9%) - 10,819,200 hourly records
[17:45:22] [INFO] Progress: 410/912 files (45.0%) - 11,089,680 hourly records
[17:45:39] [INFO] Progress: 420/912 files (46.1%) - 11,360,160 hourly records
[17:46:01] [INFO] Progress: 430/912 files (47.1%) - 11,630,640 hourly records
[17:46:30] [INFO] Progress: 440/912 files (48.2%) - 11,895,797 hourly records
[17:47:02] [INFO] Progress: 450/912 files (49.3%) - 12,166,277 hourly records
[17:47:10] [INFO] Progress: 460/912 files (50.4%) - 12,436,757 hourly records
[17:47:38] [INFO] Progress: 470/912 files (51.5%) - 12,707,237 hourly records
[17:48:10] [INFO] Progress: 480/912 files (52.6%) - 12,977,717 hourly records
[17:48:30] [INFO] Progress: 490/912 files (53.7%) - 13,248,197 hourly records
[17:48:50] [INFO] Progress: 500/912 files (54.8%) - 13,518,677 hourly records
[17:49:18] [INFO] Progress: 510/912 files (55.9%) - 13,789,157 hourly records
[17:49:49] [INFO] Progress: 520/912 files (57.0%) - 14,059,637 hourly records
[17:49:59] [INFO] Progress: 530/912 files (58.1%) - 14,330,117 hourly records
[17:50:26] [INFO] Progress: 540/912 files (59.2%) - 14,600,597 hourly records
[17:50:58] [INFO] Progress: 550/912 files (60.3%) - 14,871,077 hourly records
[17:51:20] [INFO] Progress: 560/912 files (61.4%) - 15,141,557 hourly records
[17:51:37] [INFO] Progress: 570/912 files (62.5%) - 15,412,037 hourly records
[17:52:06] [INFO] Progress: 580/912 files (63.6%) - 15,682,517 hourly records
[17:52:34] [INFO] Progress: 590/912 files (64.7%) - 15,952,997 hourly records
[17:52:48] [INFO] Progress: 600/912 files (65.8%) - 16,223,477 hourly records
[17:53:14] [INFO] Progress: 610/912 files (66.9%) - 16,493,957 hourly records
[17:53:46] [INFO] Progress: 620/912 files (68.0%) - 16,764,437 hourly records
[17:54:10] [INFO] Progress: 630/912 files (69.1%) - 17,034,917 hourly records
[17:54:23] [INFO] Progress: 640/912 files (70.2%) - 17,305,397 hourly records
[17:54:54] [INFO] Progress: 650/912 files (71.3%) - 17,575,877 hourly records
[17:55:20] [INFO] Progress: 660/912 files (72.4%) - 17,846,357 hourly records
[17:55:38] [INFO] Progress: 670/912 files (73.5%) - 18,116,837 hourly records
[17:56:03] [INFO] Progress: 680/912 files (74.6%) - 18,387,317 hourly records
[17:56:34] [INFO] Progress: 690/912 files (75.7%) - 18,657,797 hourly records
[17:56:59] [INFO] Progress: 700/912 files (76.8%) - 18,928,277 hourly records
[17:57:12] [INFO] Progress: 710/912 files (77.9%) - 19,198,757 hourly records
[17:57:42] [INFO] Progress: 720/912 files (78.9%) - 19,469,237 hourly records
[17:58:07] [INFO] Progress: 730/912 files (80.0%) - 19,739,717 hourly records
[17:58:27] [INFO] Progress: 740/912 files (81.1%) - 20,010,197 hourly records
[17:58:51] [INFO] Progress: 750/912 files (82.2%) - 20,280,677 hourly records
[17:59:22] [INFO] Progress: 760/912 files (83.3%) - 20,551,157 hourly records
[17:59:45] [INFO] Progress: 770/912 files (84.4%) - 20,821,637 hourly records
[18:00:01] [INFO] Progress: 780/912 files (85.5%) - 21,092,117 hourly records
[18:00:30] [INFO] Progress: 790/912 files (86.6%) - 21,362,597 hourly records
[18:00:55] [INFO] Progress: 800/912 files (87.7%) - 21,633,077 hourly records
[18:01:17] [INFO] Progress: 810/912 files (88.8%) - 21,903,557 hourly records
[18:01:39] [INFO] Progress: 820/912 files (89.9%) - 22,174,037 hourly records
[18:02:08] [INFO] Progress: 830/912 files (91.0%) - 22,444,517 hourly records
[18:02:30] [INFO] Progress: 840/912 files (92.1%) - 22,714,997 hourly records
[18:02:50] [INFO] Progress: 850/912 files (93.2%) - 22,985,477 hourly records
[18:03:18] [INFO] Progress: 860/912 files (94.3%) - 23,255,957 hourly records
[18:03:44] [INFO] Progress: 870/912 files (95.4%) - 23,526,437 hourly records
[18:04:06] [INFO] Progress: 880/912 files (96.5%) - 23,796,917 hourly records
[18:04:28] [INFO] Progress: 890/912 files (97.6%) - 24,067,397 hourly records
[18:04:56] [INFO] Progress: 900/912 files (98.7%) - 24,337,877 hourly records
[18:05:15] [INFO] Progress: 910/912 files (99.8%) - 24,608,357 hourly records
[18:05:25] [INFO] Generated 24662453 hourly records for IGS_COMBINED
[18:06:43] [SUCCESS] Results for IGS_COMBINED:
[18:06:43] [INFO]   Annual CV: 0.1399
[18:06:43] [INFO]   Day/Night ratio: 1.013
[18:06:43] [INFO]   Day mean: 0.006971
[18:06:43] [INFO]   Night mean: 0.006880
[18:06:43] [INFO]   Seasonal peaks:
[18:06:43] [INFO]     DJF: Hour 22, Ratio 1.084
[18:06:43] [INFO]     MAM: Hour 4, Ratio 0.908
[18:06:43] [INFO]     JJA: Hour 3, Ratio 0.982
[18:06:43] [INFO]     SON: Hour 13, Ratio 1.180
[18:06:43] [INFO] 
============================================================
[18:06:43] [INFO] PROCESSING ESA_FINAL
[18:06:43] [INFO] ============================================================
[18:06:43] [INFO] Starting analysis for ESA_FINAL
[18:06:43] [INFO] Found 912 CLK files for ESA_FINAL
[18:07:19] [INFO] Progress: 10/912 files (1.1%) - 281,750 hourly records
[18:07:54] [INFO] Progress: 20/912 files (2.2%) - 563,500 hourly records
[18:08:29] [INFO] Progress: 30/912 files (3.3%) - 845,250 hourly records
[18:08:30] [INFO] Progress: 40/912 files (4.4%) - 1,127,000 hourly records
[18:09:05] [INFO] Progress: 50/912 files (5.5%) - 1,408,750 hourly records
[18:09:39] [INFO] Progress: 60/912 files (6.6%) - 1,690,500 hourly records
[18:09:42] [INFO] Progress: 70/912 files (7.7%) - 1,972,250 hourly records
[18:10:16] [INFO] Progress: 80/912 files (8.8%) - 2,254,000 hourly records
[18:10:50] [INFO] Progress: 90/912 files (9.9%) - 2,535,750 hourly records
[18:11:24] [INFO] Progress: 100/912 files (11.0%) - 2,817,500 hourly records
[18:11:27] [INFO] Progress: 110/912 files (12.1%) - 3,099,250 hourly records
[18:12:01] [INFO] Progress: 120/912 files (13.2%) - 3,381,000 hourly records
[18:12:35] [INFO] Progress: 130/912 files (14.3%) - 3,662,750 hourly records
[18:12:40] [INFO] Progress: 140/912 files (15.4%) - 3,944,500 hourly records
[18:13:12] [INFO] Progress: 150/912 files (16.4%) - 4,226,250 hourly records
[18:13:46] [INFO] Progress: 160/912 files (17.5%) - 4,508,000 hourly records
[18:14:20] [INFO] Progress: 170/912 files (18.6%) - 4,789,750 hourly records
[18:14:23] [INFO] Progress: 180/912 files (19.7%) - 5,071,500 hourly records
[18:14:58] [INFO] Progress: 190/912 files (20.8%) - 5,353,250 hourly records
[18:15:31] [INFO] Progress: 200/912 files (21.9%) - 5,635,000 hourly records
[18:15:39] [INFO] Progress: 210/912 files (23.0%) - 5,916,750 hourly records
[18:16:08] [INFO] Progress: 220/912 files (24.1%) - 6,198,500 hourly records
[18:16:41] [INFO] Progress: 230/912 files (25.2%) - 6,480,250 hourly records
[18:17:15] [INFO] Progress: 240/912 files (26.3%) - 6,762,000 hourly records
[18:17:20] [INFO] Progress: 250/912 files (27.4%) - 7,043,750 hourly records
[18:17:54] [INFO] Progress: 260/912 files (28.5%) - 7,325,500 hourly records
[18:18:26] [INFO] Progress: 270/912 files (29.6%) - 7,607,250 hourly records
[18:18:37] [INFO] Progress: 280/912 files (30.7%) - 7,889,000 hourly records
[18:19:05] [INFO] Progress: 290/912 files (31.8%) - 8,167,392 hourly records
[18:19:37] [INFO] Progress: 300/912 files (32.9%) - 8,449,142 hourly records
[18:20:09] [INFO] Progress: 310/912 files (34.0%) - 8,729,765 hourly records
[18:20:17] [INFO] Progress: 320/912 files (35.1%) - 9,007,030 hourly records
[18:20:49] [INFO] Progress: 330/912 files (36.2%) - 9,288,780 hourly records
[18:21:20] [INFO] Progress: 340/912 files (37.3%) - 9,570,530 hourly records
[18:21:35] [INFO] Progress: 350/912 files (38.4%) - 9,851,153 hourly records
[18:22:00] [INFO] Progress: 360/912 files (39.5%) - 10,130,649 hourly records
[18:22:31] [INFO] Progress: 370/912 files (40.6%) - 10,412,399 hourly records
[18:23:04] [INFO] Progress: 380/912 files (41.7%) - 10,694,149 hourly records
[18:23:13] [INFO] Progress: 390/912 files (42.8%) - 10,973,645 hourly records
[18:23:45] [INFO] Progress: 400/912 files (43.9%) - 11,255,395 hourly records
[18:24:15] [INFO] Progress: 410/912 files (45.0%) - 11,537,145 hourly records
[18:24:33] [INFO] Progress: 420/912 files (46.1%) - 11,818,895 hourly records
[18:24:55] [INFO] Progress: 430/912 files (47.1%) - 12,099,518 hourly records
[18:25:27] [INFO] Progress: 440/912 files (48.2%) - 12,380,141 hourly records
[18:25:59] [INFO] Progress: 450/912 files (49.3%) - 12,659,637 hourly records
[18:26:10] [INFO] Progress: 460/912 files (50.4%) - 12,941,387 hourly records
[18:26:40] [INFO] Progress: 470/912 files (51.5%) - 13,219,756 hourly records
[18:27:09] [INFO] Progress: 480/912 files (52.6%) - 13,498,125 hourly records
[18:27:26] [INFO] Progress: 490/912 files (53.7%) - 13,776,494 hourly records
[18:27:52] [INFO] Progress: 500/912 files (54.8%) - 14,057,117 hourly records
[18:28:21] [INFO] Progress: 510/912 files (55.9%) - 14,338,867 hourly records
[18:28:53] [INFO] Progress: 520/912 files (57.0%) - 14,619,490 hourly records
[18:29:05] [INFO] Progress: 530/912 files (58.1%) - 14,901,240 hourly records
[18:29:35] [INFO] Progress: 540/912 files (59.2%) - 15,182,990 hourly records
[18:30:05] [INFO] Progress: 550/912 files (60.3%) - 15,464,740 hourly records
[18:30:21] [INFO] Progress: 560/912 files (61.4%) - 15,746,490 hourly records
[18:30:48] [INFO] Progress: 570/912 files (62.5%) - 16,027,113 hourly records
[18:31:16] [INFO] Progress: 580/912 files (63.6%) - 16,308,863 hourly records
[18:31:48] [INFO] Progress: 590/912 files (64.7%) - 16,590,613 hourly records
[18:32:01] [INFO] Progress: 600/912 files (65.8%) - 16,871,236 hourly records
[18:32:30] [INFO] Progress: 610/912 files (66.9%) - 17,152,986 hourly records
[18:33:00] [INFO] Progress: 620/912 files (68.0%) - 17,434,736 hourly records
[18:33:17] [INFO] Progress: 630/912 files (69.1%) - 17,714,232 hourly records
[18:33:42] [INFO] Progress: 640/912 files (70.2%) - 17,995,982 hourly records
[18:34:11] [INFO] Progress: 650/912 files (71.3%) - 18,275,478 hourly records
[18:34:43] [INFO] Progress: 660/912 files (72.4%) - 18,557,228 hourly records
[18:34:56] [INFO] Progress: 670/912 files (73.5%) - 18,838,978 hourly records
[18:35:25] [INFO] Progress: 680/912 files (74.6%) - 19,119,601 hourly records
[18:35:54] [INFO] Progress: 690/912 files (75.7%) - 19,400,224 hourly records
[18:36:13] [INFO] Progress: 700/912 files (76.8%) - 19,681,974 hourly records
[18:36:39] [INFO] Progress: 710/912 files (77.9%) - 19,963,724 hourly records
[18:37:06] [INFO] Progress: 720/912 files (78.9%) - 20,243,220 hourly records
[18:37:38] [INFO] Progress: 730/912 files (80.0%) - 20,524,970 hourly records
[18:37:51] [INFO] Progress: 740/912 files (81.1%) - 20,806,720 hourly records
[18:38:18] [INFO] Progress: 750/912 files (82.2%) - 21,073,957 hourly records
[18:38:40] [INFO] Progress: 760/912 files (83.3%) - 21,306,004 hourly records
[18:39:01] [INFO] Progress: 770/912 files (84.4%) - 21,501,274 hourly records
[18:39:19] [INFO] Progress: 780/912 files (85.5%) - 21,702,386 hourly records
[18:39:41] [INFO] Progress: 790/912 files (86.6%) - 21,920,150 hourly records
[18:40:07] [INFO] Progress: 800/912 files (87.7%) - 22,129,956 hourly records
[18:40:23] [INFO] Progress: 810/912 files (88.8%) - 22,350,664 hourly records
[18:40:45] [INFO] Progress: 820/912 files (89.9%) - 22,563,414 hourly records
[18:41:07] [INFO] Progress: 830/912 files (91.0%) - 22,768,413 hourly records
[18:41:27] [INFO] Progress: 840/912 files (92.1%) - 22,962,694 hourly records
[18:41:43] [INFO] Progress: 850/912 files (93.2%) - 23,152,237 hourly records
[18:42:03] [INFO] Progress: 860/912 files (94.3%) - 23,341,780 hourly records
[18:42:24] [INFO] Progress: 870/912 files (95.4%) - 23,536,107 hourly records
[18:42:44] [INFO] Progress: 880/912 files (96.5%) - 23,726,593 hourly records
[18:43:02] [INFO] Progress: 890/912 files (97.6%) - 23,914,273 hourly records
[18:43:22] [INFO] Progress: 900/912 files (98.7%) - 24,115,477 hourly records
[18:43:45] [INFO] Progress: 910/912 files (99.8%) - 24,306,906 hourly records
[18:43:47] [INFO] Generated 24344626 hourly records for ESA_FINAL
[18:45:02] [SUCCESS] Results for ESA_FINAL:
[18:45:02] [INFO]   Annual CV: 0.1485
[18:45:02] [INFO]   Day/Night ratio: 1.014
[18:45:02] [INFO]   Day mean: 0.009258
[18:45:02] [INFO]   Night mean: 0.009129
[18:45:02] [INFO]   Seasonal peaks:
[18:45:02] [INFO]     DJF: Hour 8, Ratio 0.989
[18:45:02] [INFO]     MAM: Hour 11, Ratio 0.983
[18:45:02] [INFO]     JJA: Hour 3, Ratio 0.972
[18:45:02] [INFO]     SON: Hour 8, Ratio 1.161
[18:45:02] [SUCCESS] 
Combined results saved: step_4_5_comprehensive_analysis.json
[18:45:02] [INFO] 
[18:45:02] [INFO] ================================================================================
[18:45:02] [SUCCESS] STEP 4.5 COMPREHENSIVE DIURNAL ANALYSIS COMPLETE
[18:45:02] [INFO] Processed 3 analysis centers
[18:45:02] [INFO] Date range: 2023-01-01 00:00:00 to 2025-06-30 00:00:00
[18:45:02] [INFO] Results saved to results/outputs/
[18:45:02] [INFO] ================================================================================
