[09:07:42] [INFO] ================================================================================
[09:07:42] [INFO] STEP 4.8: MULTI-BAND FREQUENCY VISUALIZATION (DEBUG MODE)
[09:07:42] [INFO] ================================================================================
[09:07:42] [PROCESS] Loading multi-band analysis results...
[09:07:42] [INFO] Loaded CODE results
[09:07:42] [INFO] Loaded IGS_COMBINED results
[09:07:42] [INFO] Loaded ESA_FINAL results
[09:07:42] [PROCESS] Generating multi-band visualizations with enhanced debugging...
[09:07:42] [INFO] Creating TEP-focused R² comparison (primary prediction first)...
[09:07:43] [SUCCESS] Saved R² comparison: /mnt/data/results/figures/step_4_8_multiband_r_squared_comparison.png
[09:07:43] [SUCCESS] TEP Band Performance: R² = 0.952 ± 0.022 (Primary Theoretical Prediction)
[09:07:43] [INFO] Creating λ vs frequency plot with validation...
[09:07:43] [INFO] Tidal frequencies (10-30 µHz): CODE=5801±111, IGS=4311, ESA=3918
[09:07:43] [INFO] Post-tidal frequencies (30-100 µHz): CODE=1505±529, IGS=1530, ESA=1472
[09:07:43] [INFO] Control band (1000-1500 µHz): 2149 km
[09:07:43] [WARNING] Spatial scale transition: 3.9× (CODE) vs manuscript claim 2.4×
[09:07:44] [SUCCESS] Saved λ vs frequency: /mnt/data/results/figures/step_4_8_multiband_lambda_vs_frequency.png
[09:07:44] [WARNING] 
============================================================
[09:07:44] [WARNING] MANUSCRIPT CONSISTENCY CHECK
[09:07:44] [WARNING] ============================================================
[09:07:44] [INFO] Tidal frequencies (10-30 µHz): 4677 ± 811 km
[09:07:44] [INFO] Post-tidal frequencies (30-100 µHz): 1502 ± 24 km
[09:07:44] [INFO] Control band (1000-1500 µHz): 2149 km
[09:07:44] [INFO] Spatial scale transition: 3.1× (cross-center average)
[09:07:44] [INFO] Manuscript claims: 4,677 ± 954 km (tidal), 1,502 ± 289 km (post-tidal), 3.1× transition
[09:07:44] [SUCCESS] ✅ ALL VALUES MATCH MANUSCRIPT - Data is consistent!
[09:07:44] [INFO] Creating 4-panel spectral overview...
[09:07:45] [SUCCESS] Saved spectral overview: /mnt/data/results/figures/step_4_8_multiband_spectral_overview.png
[09:07:45] [INFO] Creating post-tidal emphasis figure...
[09:07:46] [SUCCESS] Saved post-tidal emphasis: /mnt/data/results/figures/step_4_8_multiband_post_tidal_emphasis.png
[09:07:46] [INFO] Creating amplitude spectral decay...
[09:07:47] [SUCCESS] Saved amplitude decay: /mnt/data/results/figures/step_4_8_multiband_amplitude_decay.png
[09:07:47] [PROCESS] Syncing figures to site folder with web optimizations...
[09:07:47] [SUCCESS] ✓ Synced: step_4_8_multiband_r_squared_comparison.png (0.4MB)
[09:07:47] [SUCCESS] ✓ Synced: step_4_8_multiband_lambda_vs_frequency.png (0.4MB)
[09:07:47] [SUCCESS] ✓ Synced: step_4_8_multiband_spectral_overview.png (0.8MB)
[09:07:47] [SUCCESS] ✓ Synced: step_4_8_multiband_post_tidal_emphasis.png (0.4MB)
[09:07:47] [SUCCESS] ✓ Synced: step_4_8_multiband_amplitude_decay.png (0.3MB)
[09:07:47] [PROCESS] Creating web-optimized versions...
[09:07:48] [SUCCESS]   ✓ Optimized step_4_8_multiband_spectral_overview.png: 13.1% size reduction
[09:07:48] [INFO] Figures synced to: /mnt/data/site/public/figures
[09:07:48] [SUCCESS] ================================================================================
[09:07:48] [SUCCESS] STEP 4.8 COMPLETE - All multi-band visualizations generated with validation
[09:07:48] [SUCCESS] ================================================================================
[09:07:48] [INFO] Figures saved to: /mnt/data/results/figures
[09:07:48] [INFO] 
[09:07:48] [INFO] Generated figures:
[09:07:48] [INFO]   1. step_4_8_multiband_r_squared_comparison.png (TEP-FOCUSED)
[09:07:48] [INFO]   2. step_4_8_multiband_lambda_vs_frequency.png (with validation)
[09:07:48] [INFO]   3. step_4_8_multiband_spectral_overview.png
[09:07:48] [INFO]   4. step_4_8_multiband_post_tidal_emphasis.png
[09:07:48] [INFO]   5. step_4_8_multiband_amplitude_decay.png
[09:07:48] [INFO] 
[09:07:48] [SUCCESS] ⭐ TEP Band Performance: R² = 0.952 ± 0.022 (Primary Theoretical Prediction)
[09:07:48] [INFO] 
[09:07:48] [SUCCESS] All figures automatically synced to site/public/figures/
